
== long-drought: J 12.668436, 12561 steps, walks stand=1 lma=2 lma=0.5 hmat=2 hmat=0.5 lma=1.4 lma=0.7 hmat=1.4 hmat=0.7
stand's invader per-node data identical to the stand's: fecundity TRUE, E TRUE, M TRUE, w TRUE

== episodic: J 1.9789249, 8211 steps, walks stand=1 lma=2 lma=0.5 hmat=2 hmat=0.5 lma=1.4 lma=0.7 hmat=1.4 hmat=0.7
stand's invader per-node data identical to the stand's: fecundity TRUE, E TRUE, M TRUE, w TRUE

== long-wet: J 18.402092, 15604 steps, walks stand=1 lma=2 lma=0.5 hmat=2 hmat=0.5 lma=1.4 lma=0.7 hmat=1.4 hmat=0.7
stand's invader per-node data identical to the stand's: fecundity TRUE, E TRUE, M TRUE, w TRUE

emulation of the full schedule against each walk's J': largest relative difference 8.88e-16
a 1e-3      27 cases: ln J' error median 0.223 eps, largest 0.667 eps (long-drought lma=1.4); over eps/3: 7 | rows saved median 26.0%, range 15.4-54.4% | kept 27-61
a 1e-4      27 cases: ln J' error median 0.023 eps, largest 0.124 eps (long-drought lma=1.4); over eps/3: 0 | rows saved median 16.5%, range 7.8-44.8% | kept 34-76
b 1         27 cases: ln J' error median 0.347 eps, largest 1.009 eps (long-wet stand=1); over eps/3: 14 | rows saved median 68.9%, range 43.2-79.8% | kept 13-38
b 0.3       27 cases: ln J' error median 0.164 eps, largest 0.482 eps (long-wet hmat=0.5); over eps/3: 5 | rows saved median 57.2%, range 31.1-74.3% | kept 16-47
b 0.1       27 cases: ln J' error median 0.046 eps, largest 0.165 eps (long-drought stand=1); over eps/3: 0 | rows saved median 46.6%, range 23.5-64.9% | kept 22-55
b 0.03      27 cases: ln J' error median 0.008 eps, largest 0.047 eps (long-drought hmat=0.5); over eps/3: 0 | rows saved median 34.2%, range 15.9-57.8% | kept 26-63
b 0.01      27 cases: ln J' error median 0.002 eps, largest 0.011 eps (long-drought hmat=0.7); over eps/3: 0 | rows saved median 26.8%, range 11.0-47.5% | kept 33-70
b 0.001     27 cases: ln J' error median 0.000 eps, largest 0.001 eps (episodic hmat=2); over eps/3: 0 | rows saved median 13.1%, range 5.2-39.7% | kept 39-81
union 1     27 cases: ln J' error median 0.293 eps, largest 1.104 eps (long-wet lma=0.5); over eps/3: 7 | rows saved median 66.3%, range 53.1-67.5% | kept 22-32
union 0.3   27 cases: ln J' error median 0.087 eps, largest 0.345 eps (long-wet lma=0.5); over eps/3: 1 | rows saved median 51.8%, range 38.2-55.0% | kept 31-42
union 0.1   27 cases: ln J' error median 0.011 eps, largest 0.123 eps (long-wet lma=0.5); over eps/3: 0 | rows saved median 36.5%, range 27.3-41.9% | kept 41-51
union 0.03  27 cases: ln J' error median 0.001 eps, largest 0.014 eps (episodic hmat=0.5); over eps/3: 0 | rows saved median 26.7%, range 20.9-27.5% | kept 53-58
union 0.01  27 cases: ln J' error median 0.001 eps, largest 0.019 eps (long-drought lma=0.5); over eps/3: 0 | rows saved median 19.8%, range 11.3-21.2% | kept 59-70
union 0.001 27 cases: ln J' error median 0.000 eps, largest 0.001 eps (episodic hmat=0.5); over eps/3: 0 | rows saved median 9.6%, range 6.6-10.2% | kept 75-79
diag 1      27 cases: ln J' error median 0.653 eps, largest 2.335 eps (long-wet lma=0.5); over eps/3: 26 | rows saved median 75.1%, range 62.7-76.0% | kept 15-24
diag 0.3    27 cases: ln J' error median 0.243 eps, largest 0.555 eps (long-drought lma=0.5); over eps/3: 11 | rows saved median 64.3%, range 49.5-67.9% | kept 21-33
diag 0.1    27 cases: ln J' error median 0.075 eps, largest 0.530 eps (long-drought lma=0.5); over eps/3: 4 | rows saved median 55.9%, range 38.0-56.2% | kept 29-41
diag 0.03   27 cases: ln J' error median 0.011 eps, largest 0.151 eps (long-drought lma=0.5); over eps/3: 0 | rows saved median 40.6%, range 30.3-42.0% | kept 38-47
diag 0.01   27 cases: ln J' error median 0.003 eps, largest 0.030 eps (long-wet lma=0.5); over eps/3: 0 | rows saved median 32.8%, range 26.7-34.2% | kept 45-51
diag 0.001  27 cases: ln J' error median 0.001 eps, largest 0.020 eps (long-wet lma=0.5); over eps/3: 0 | rows saved median 20.1%, range 13.1-24.6% | kept 54-65

per case (eps | rows saved):
long-drought stand=1   | a 1e-3 0.199 36.5% | a 1e-4 0.030 23.2% | b 0.3 0.192 64.3% | b 0.1 0.165 56.2% | b 0.03 0.026 40.6% | union 0.1 0.016 36.5% | union 0.03 0.000 26.7%
long-drought lma=2     | a 1e-3 0.129 20.5% | a 1e-4 0.005  8.0% | b 0.3 0.007 65.9% | b 0.1 0.078 56.3% | b 0.03 0.008 42.0% | union 0.1 0.013 36.5% | union 0.03 0.001 26.7%
long-drought lma=0.5   | a 1e-3 0.237 19.7% | a 1e-4 0.013 12.4% | b 0.3 0.182 44.4% | b 0.1 0.014 28.9% | b 0.03 0.018 22.7% | union 0.1 0.074 36.5% | union 0.03 0.008 26.7%
long-drought hmat=2    | a 1e-3 0.132 45.0% | a 1e-4 0.025 34.2% | b 0.3 0.149 70.3% | b 0.1 0.074 60.5% | b 0.03 0.006 49.0% | union 0.1 0.007 36.5% | union 0.03 0.000 26.7%
long-drought hmat=0.5  | a 1e-3 0.120 22.3% | a 1e-4 0.006 11.8% | b 0.3 0.417 56.3% | b 0.1 0.102 44.1% | b 0.03 0.047 29.4% | union 0.1 0.051 36.5% | union 0.03 0.001 26.7%
long-drought lma=1.4   | a 1e-3 0.667 50.4% | a 1e-4 0.124 42.4% | b 0.3 0.177 71.4% | b 0.1 0.094 63.2% | b 0.03 0.001 54.4% | union 0.1 0.003 36.5% | union 0.03 0.000 26.7%
long-drought lma=0.7   | a 1e-3 0.179 23.2% | a 1e-4 0.023 16.5% | b 0.3 0.106 52.9% | b 0.1 0.040 39.5% | b 0.03 0.015 28.5% | union 0.1 0.042 36.5% | union 0.03 0.003 26.7%
long-drought hmat=1.4  | a 1e-3 0.213 47.6% | a 1e-4 0.042 38.8% | b 0.3 0.158 72.2% | b 0.1 0.070 60.7% | b 0.03 0.005 51.3% | union 0.1 0.007 36.5% | union 0.03 0.000 26.7%
long-drought hmat=0.7  | a 1e-3 0.336 25.0% | a 1e-4 0.016 16.5% | b 0.3 0.186 55.7% | b 0.1 0.088 43.1% | b 0.03 0.027 31.4% | union 0.1 0.041 36.5% | union 0.03 0.001 26.7%
episodic     stand=1   | a 1e-3 0.125 32.6% | a 1e-4 0.041 16.1% | b 0.3 0.202 49.5% | b 0.1 0.044 38.0% | b 0.03 0.006 30.3% | union 0.1 0.003 27.3% | union 0.03 0.000 20.9%
episodic     lma=2     | a 1e-3 0.074 26.0% | a 1e-4 0.020 14.6% | b 0.3 0.136 57.2% | b 0.1 0.044 46.6% | b 0.03 0.007 34.2% | union 0.1 0.003 27.3% | union 0.03 0.001 20.9%
episodic     lma=0.5   | a 1e-3 0.212 19.4% | a 1e-4 0.034 10.6% | b 0.3 0.035 31.1% | b 0.1 0.027 23.5% | b 0.03 0.002 15.9% | union 0.1 0.005 27.3% | union 0.03 0.007 20.9%
episodic     hmat=2    | a 1e-3 0.288 38.6% | a 1e-4 0.017 23.1% | b 0.3 0.129 52.4% | b 0.1 0.004 44.4% | b 0.03 0.007 35.0% | union 0.1 0.001 27.3% | union 0.03 0.000 20.9%
episodic     hmat=0.5  | a 1e-3 0.323 15.4% | a 1e-4 0.025  7.9% | b 0.3 0.086 37.8% | b 0.1 0.053 27.3% | b 0.03 0.001 19.3% | union 0.1 0.026 27.3% | union 0.03 0.014 20.9%
episodic     lma=1.4   | a 1e-3 0.639 41.2% | a 1e-4 0.044 32.6% | b 0.3 0.016 58.8% | b 0.1 0.054 51.9% | b 0.03 0.007 40.2% | union 0.1 0.000 27.3% | union 0.03 0.000 20.9%
episodic     lma=0.7   | a 1e-3 0.112 23.1% | a 1e-4 0.010 13.2% | b 0.3 0.042 36.6% | b 0.1 0.001 28.4% | b 0.03 0.010 22.2% | union 0.1 0.004 27.3% | union 0.03 0.004 20.9%
episodic     hmat=1.4  | a 1e-3 0.400 39.9% | a 1e-4 0.024 31.5% | b 0.3 0.150 54.5% | b 0.1 0.088 47.4% | b 0.03 0.009 39.6% | union 0.1 0.000 27.3% | union 0.03 0.000 20.9%
episodic     hmat=0.7  | a 1e-3 0.113 19.4% | a 1e-4 0.013 11.2% | b 0.3 0.072 37.2% | b 0.1 0.010 28.9% | b 0.03 0.000 22.3% | union 0.1 0.005 27.3% | union 0.03 0.004 20.9%
long-wet     stand=1   | a 1e-3 0.334 39.8% | a 1e-4 0.047 25.5% | b 0.3 0.351 67.9% | b 0.1 0.046 55.9% | b 0.03 0.002 42.0% | union 0.1 0.027 41.9% | union 0.03 0.000 27.5%
long-wet     lma=2     | a 1e-3 0.163 24.5% | a 1e-4 0.004  7.8% | b 0.3 0.292 69.7% | b 0.1 0.005 59.6% | b 0.03 0.004 48.1% | union 0.1 0.017 41.9% | union 0.03 0.001 27.5%
long-wet     lma=0.5   | a 1e-3 0.223 22.7% | a 1e-4 0.006 13.4% | b 0.3 0.164 46.0% | b 0.1 0.038 31.6% | b 0.03 0.014 24.4% | union 0.1 0.123 41.9% | union 0.03 0.007 27.5%
long-wet     hmat=2    | a 1e-3 0.266 48.8% | a 1e-4 0.056 39.8% | b 0.3 0.476 74.0% | b 0.1 0.060 64.0% | b 0.03 0.009 53.5% | union 0.1 0.011 41.9% | union 0.03 0.000 27.5%
long-wet     hmat=0.5  | a 1e-3 0.263 24.5% | a 1e-4 0.008 11.6% | b 0.3 0.482 60.3% | b 0.1 0.027 45.8% | b 0.03 0.022 29.7% | union 0.1 0.071 41.9% | union 0.03 0.003 27.5%
long-wet     lma=1.4   | a 1e-3 0.370 54.4% | a 1e-4 0.037 44.8% | b 0.3 0.057 72.0% | b 0.1 0.100 64.9% | b 0.03 0.025 57.8% | union 0.1 0.003 41.9% | union 0.03 0.000 27.5%
long-wet     lma=0.7   | a 1e-3 0.317 25.5% | a 1e-4 0.023 17.7% | b 0.3 0.253 54.2% | b 0.1 0.019 41.0% | b 0.03 0.014 29.5% | union 0.1 0.063 41.9% | union 0.03 0.003 27.5%
long-wet     hmat=1.4  | a 1e-3 0.467 50.2% | a 1e-4 0.081 41.0% | b 0.3 0.454 74.3% | b 0.1 0.063 64.3% | b 0.03 0.010 53.8% | union 0.1 0.011 41.9% | union 0.03 0.000 27.5%
long-wet     hmat=0.7  | a 1e-3 0.043 29.5% | a 1e-4 0.017 17.7% | b 0.3 0.272 58.7% | b 0.1 0.018 46.7% | b 0.03 0.007 33.0% | union 0.1 0.050 41.9% | union 0.03 0.002 27.5%
step1 exit 0
