=== held_3e-5_s3e-5 start 07:52:01 load 0.83
=== held_3e-5_s3e-5 end 07:54:07 status 0
=== exact_3e-5_s3e-5 start 07:55:29 load 2.37
=== exact_3e-5_s3e-5 end 08:04:12 status 0
=== defect_3e-5_s3e-5 start 08:05:16 load 2.38
=== defect_3e-5_s3e-5 end 08:07:19 status 0
=== stage_3e-5_s3e-5 start 08:07:19 load 3.25
=== stage_3e-5_s3e-5 end 08:09:43 status 0
=== defect_3e-5_s1e-6 start 08:10:24 load 2.53
=== defect_3e-5_s1e-6 end 08:12:27 status 0
=== defect_3e-5_s3e-5_hmax1 start 08:12:27 load 3.10
=== defect_3e-5_s3e-5_hmax1 end 08:17:04 status 0
=== defect_1e-6_s3e-5 start 08:17:04 load 3.07
=== defect_1e-6_s3e-5 end 08:20:42 status 0
=== mono_3e-5 start 08:22:39 load 2.16
=== mono_3e-5 end 08:27:11 status 0
=== replay_held_mono3e-5 start 08:27:11 load 3.10
=== replay_held_mono3e-5 end 08:31:37 status 0
=== replay_defect_mono3e-5 start 08:31:37 load 3.21
=== replay_defect_mono3e-5 end 08:36:20 status 0
=== replay_exact_mono3e-5 start 08:36:54 load 2.64
=== replay_exact_mono3e-5 end 08:54:29 status 0
=== pc1_3e-5_s3e-5 start 08:56:37 load 2.21
=== pc1_3e-5_s3e-5 end 09:00:30 status 0
=== stagelin_3e-5_s3e-5 start 09:00:30 load 3.00
=== stagelin_3e-5_s3e-5 end 09:02:44 status 0
=== stagelind_3e-5_s3e-5 start 09:02:44 load 3.07
=== stagelind_3e-5_s3e-5 end 09:04:58 status 0
=== mono_3e-5_uptake0.999 start 09:05:01 load 3.00
=== mono_3e-5_uptake0.999 end 09:10:22 status 0
=== stagelind_1e-5_s3e-5 start 09:10:27 load 2.98
=== stagelind_1e-5_s3e-5 end 09:13:16 status 0
=== stagelind_3e-6_s3e-5 start 09:13:16 load 3.02
=== stagelind_3e-6_s3e-5 end 09:16:50 status 0
=== stagelind_1e-4_s3e-5 start 09:16:50 load 3.00
=== stagelind_1e-4_s3e-5 end 09:18:53 status 0
=== stagelind_3e-5_s1e-6 start 09:18:53 load 3.34
=== stagelind_3e-5_s1e-6 end 09:21:28 status 0
=== stagelind_1e-6_s3e-5 start 09:21:28 load 3.84
=== stagelind_1e-6_s3e-5 end 09:25:53 status 0
=== mono_1e-4 start 09:25:53 load 3.03
=== mono_1e-4 end 09:29:57 status 0
=== mono_3e-4 start 09:29:57 load 3.01
=== mono_3e-4 end 09:33:34 status 0
=== mono_1e-3 start 09:33:34 load 3.15
=== mono_1e-3 end 09:36:40 status 0
=== held_3e-5_s3e-5_hmax1 start 09:36:40 load 3.02
=== held_3e-5_s3e-5_hmax1 end 09:41:29 status 0
=== pc1d_3e-5_s3e-5 start 09:41:31 load 3.17
=== pc1d_3e-5_s3e-5 end 09:45:33 status 0
=== pc2_3e-5_s3e-5 start 09:45:33 load 3.41
=== pc2_3e-5_s3e-5 end 09:51:43 status 0
=== pc1d_1e-5_s3e-5 start 09:51:43 load 3.14
=== pc1d_1e-5_s3e-5 end 09:56:59 status 0
=== frozen_pc1d_3e-5_0 start 09:59:00 load 1.44
=== frozen_pc1d_3e-5_0 end 10:02:20 status 0
=== frozen_pc1d_3e-5_+1e-5 start 10:02:20 load 2.75
=== frozen_pc1d_3e-5_+1e-5 end 10:05:48 status 0
=== frozen_pc1d_3e-5_-1e-5 start 10:05:48 load 2.93
=== frozen_pc1d_3e-5_-1e-5 end 10:09:15 status 0
=== held_1e-6_s3e-5 start 10:09:15 load 2.98
=== held_1e-6_s3e-5 end 10:13:00 status 0
=== exactx_3e-5_s3e-5 start 10:13:09 load 2.05
=== exactx_3e-5_s3e-5 end 10:21:38 status 0
=== exactx_1e-5_s3e-5 start 10:21:38 load 2.10
=== exactx_1e-5_s3e-5 end 10:31:38 status 0
=== pc1d_3e-5_s3e-5_sw05 start 10:31:47 load 1.61
=== pc1d_3e-5_s3e-5_sw05 end 10:51:26 status 0
=== exactx_3e-5_s3e-5_sw05 start 10:51:26 load 2.00
=== exactx_3e-5_s3e-5_sw05 end 11:31:24 status 0
