        role          b lma_rel          J              f   secs steps splits
1     secant  1.0000000    0.00 12.6687372  2.5391373e+00 86.288 14845   9247
2     secant 12.6687372    0.00  2.0068982 -1.8425470e+00 90.701 15085  11926
3     secant  4.3553364    0.00  4.9015724  1.1815421e-01 89.051 14969  10731
4     secant  4.6447840    0.00  4.6703348  5.4858953e-03 88.192 14981  10836
5     secant  4.6593585    0.00  4.6592892 -1.4861171e-05 86.846 14974  10841
6     secant  4.6593190    0.00  4.6593193  5.3809216e-08 87.650 14972  10841
7      fixed  2.0068982    0.00  8.3684280  1.4278757e+00 88.385 14884   9973
8      fixed  8.3684280    0.00  2.8917819 -1.0625932e+00 90.003 15031  11437
9      fixed  2.8917819    0.00  6.5654382  8.1994636e-01 87.489 14945  10286
10     fixed  6.5654382    0.00  3.5517837 -6.1436933e-01 87.578 15013  11207
11     fixed  3.5517837    0.00  5.6865709  4.7065749e-01 85.055 14960  10495
12     fixed  5.6865709    0.00  3.9906432 -3.5415499e-01 90.432 14981  11092
13    b_star  4.6593190    0.00  4.6593193  5.3809216e-08 90.543 14972  10841
14  ift_held  4.6593190    0.01  4.2083709 -1.0179369e-01 89.763 14984  10730
15 ift_moved  4.4043973    0.01  4.3933135 -2.5197111e-03 92.084 14954  10656

b* 4.659319; f'(x*) -1.76216; m = d ln J / d ln b -0.76216; secant runs 6
P1 (secant <= 8 runs): holds
fixed point |f|: 2.539e+00 1.843e+00 1.428e+00 1.063e+00 8.199e-01 6.144e-01 4.707e-01 3.542e-01 
ratios: 0.726 0.775 0.744 0.772 0.749 0.766 0.752 
P2 (fixed point >= 2x secant): 47 runs (extrapolated at m) against 6: holds
P3 (run at b* within 30% of b = 1): 91 s against 86 s (+5%): holds
P4 (five-invader walk 4-6 x one): 350 s against 70 s (5.01): holds
P5 (J' = J(b*)/b*): 0.9999239350 against 1.0000000538 (-7.61e-05): fails
P6 (IFT move <= a tenth): d ln b*/d ln lma -5.6547; f held -1.018e-01, moved -2.520e-03 (0.025): holds
P7: stand sweep 261 s = 2.88 forwards; invader sweep 200 s = 2.86 walks; five-invader sweep 0 s = 0.00 single sweeps
splits: at b = 1 9247, at b* 10841; steps 14845 and 14972

invaders over lma x e^(-0.1..0.1), J': 6.104474 2.765751 0.999924 0.265998 0.046499 

elasticities at b*, stand (total, field moving) and invader (field held):
  1.lma                        -9.964429 -37.097176
  1.rho                        -7.692051 -15.946431
  1.hmat                       -11.505900 -11.275635
  1.omega                      -0.346331 +0.371474
  1.theta                      -4.674309 -8.967837
  1.a_l1                       +1.929246 -1.127418
  1.a_l2                       +1.997271 +5.613488
  1.a_r1                       +2.885216 +10.739930
  1.a_b1                       -1.408926 -2.898793
  1.r_s                        -1.444628 -2.157882
  1.r_b                        -0.491173 -0.733680
  1.r_r                        -1.618635 -4.905453
  1.r_l                        -9.815500 -29.746962
  1.a_y                        +7.438416 +23.418065
  1.a_bio                      +7.438416 +23.418065
  1.k_l                        -0.399058 -1.209391
  1.k_b                        -0.434024 -0.648314
  1.k_s                        -2.553080 -3.813610
  1.k_r                        -0.434936 -1.318121
  1.a_f3                       -0.750000 -0.750000
  1.a_f1                       +0.603737 +0.592865
  1.a_f2                       -0.083283 -0.080605
  1.S_D                        +1.000000 +1.000000
  1.a_d0                       +0.014218 -0.006567
  1.d_I                        -0.026808 -0.172821
  1.a_dG1                      -0.696819 -7.048565
  1.a_dG2                      +1.666023 +4.950498
  1.a_st1                      +0.560046 +1.846202
  1.a_st2                      +0.167601 +0.617175
  1.a_st3                      -0.004683 +0.006949
  1.storage_relaxation_offset  +0.014111 +1.951944
  1.k_I                        +2.088789 +12.323640
  1.vcmax_25                   +8.204529 +16.858079
  1.stem_P50                   +9.174569 +34.331826
  1.K_s                        +3.017742 +6.978595
  1.stem_c                     +1.446790 -2.347518
  1.TF24_beta2                 +3.984249 +11.833566
  1.TF24_cost_scale            -3.167114 -12.430371
  1.TF24_floor_lambda_o        -0.000016 -0.000135
  1.jmax_25                    +5.249276 +23.539573
  1.a                          +0.626672 +12.323640
  1.curv_fact_elec_trans       +1.887886 +13.302406
  1.curv_fact_colim            +75.446097 +208.670995
  1.R_d_25                     -1.226524 -4.614281
  1.root_c                     +0.289401 +0.255857
  1.root_P50                   -0.609352 +0.936505
  1.rooting_depth_max          +0.407380 +0.423436
  1.D_c                        +6.331681 +12.686459
  1.L_tip                      -1.187360 -2.661185
