runs per arm: m1 7, m2 7, m4 0, split 0 
m1    J-J* rel (1e-4 run) +3.51e-05; steps 14846 14937 14903 14876 14808 14767 14721; sweep cpu s 345 348 339 333 334 334 342
m2    J-J* rel (1e-4 run) -1.04e-05; steps 15572 15671 15630 15616 15528 15495 15438; sweep cpu s 352 361 352 346 344 343 353

largest move over the nudges, eps/3 (floored eps):
                             m1    m2
a_dG1                     1.049 0.427
storage_relaxation_offset 0.984 0.358
a_dG2                     0.906 0.325
TF24_cost_scale           0.899 0.319
a_l1                      0.812 0.234
a_st2                     0.335 0.122
a                         0.675 0.220
lma                       0.477 0.134
d_I                       0.060 0.018

per arm: traits over 1 and over 0.5; median; max (trait)
m1    over1 1 over0.5 9 median 0.265 max 1.049 (a_dG1)
m2    over1 0 over0.5 0 median 0.064 max 0.427 (a_dG1)

m1/m2 ratio over traits with m1 > 0.3 (23): median 3.23, range 2.46-5.59

d_I unfloored (the ledger's measure): m1 1.261, m2 0.373 

second difference of ln J in ln lma at r = 1e-2 (eps 1.17; converged -43.45):
m1: -44.176 -44.042 -43.523; spread 0.558 eps; mean off converged -0.396 eps
m2: -43.584 -43.552 -43.294; spread 0.249 eps; mean off converged -0.023 eps
m4: -43.587 -43.583 -43.400; spread 0.160 eps; mean off converged -0.063 eps
