
== stand: steps at 1e-4 14720-14936, at 1e-5 20951-21290
                          max_1e4 sd_1e4 max_1e5 sd_1e5 ratio_sd
d_I                         0.076  0.025   0.006  0.002   11.849
a_dG1                       1.648  0.676   0.098  0.034   19.759
a_dG2                       1.208  0.438   0.065  0.028   15.425
lma                         0.575  0.183   0.068  0.036    5.088
a_st1                       0.708  0.292   0.044  0.017   17.029
a_st2                       0.448  0.162   0.022  0.011   14.614
storage_relaxation_offset   1.378  0.505   0.062  0.023   22.020
rho                         0.082  0.044   0.028  0.014    3.196
a_d0                        0.010  0.007   0.003  0.001    5.319
largest at 1e-4:
                          max_1e4 max_1e5 sd_ratio
a_dG1                       1.648   0.098   19.759
storage_relaxation_offset   1.378   0.062   22.020
a_dG2                       1.208   0.065   15.425
TF24_cost_scale             1.169   0.142    5.029
a_l1                        0.854   0.130    4.298
a                           0.752   0.080    6.270
a_st1                       0.708   0.044   17.029
a_r1                        0.672   0.060    5.599
traits over 1 (eps/3): 1e-4 4, 1e-5 0; median sd ratio (traits with sd_1e4 > 0.1): 6.37

== invader: steps at 1e-4 14720-14936, at 1e-5 20951-21290
                          max_1e4 sd_1e4 max_1e5 sd_1e5 ratio_sd
d_I                         0.000  0.000   0.000  0.000    4.990
a_dG1                       0.007  0.003   0.001  0.001    3.773
a_dG2                       0.001  0.001   0.001  0.000    2.546
lma                         0.033  0.018   0.074  0.024    0.771
a_st1                       0.013  0.007   0.002  0.001    6.607
a_st2                       0.008  0.005   0.003  0.001    3.557
storage_relaxation_offset   0.008  0.003   0.001  0.000    5.275
rho                         0.033  0.016   0.036  0.011    1.365
a_d0                        0.001  0.001   0.000  0.000   13.463
largest at 1e-4:
                max_1e4 max_1e5 sd_ratio
root_P50          0.130   0.129    1.433
a_l1              0.091   0.035    3.642
stem_c            0.075   0.079    1.443
TF24_cost_scale   0.054   0.119    0.864
theta             0.054   0.017    3.688
a_y               0.049   0.034    2.053
a_bio             0.049   0.034    2.053
a_l2              0.046   0.022    3.235
traits over 1 (eps/3): 1e-4 0, 1e-5 0; median sd ratio (traits with sd_1e4 > 0.1): NA
