######## ARK's arm B at soil weights 10, 30, 50 and 100: cost, accuracy, the pick, and C3 for the pick

== long-drought (distances from ld_1e-5.rds, in eps; sweep clamps are moisture floor/potential ceiling/positivity)
run                       vs CK   vs bnd   J/J* - 1 | resident: median, largest (quantity)   | invader: median, largest (quantity)    | sweeps      | readings (i) C2, (ii) budget
unweighted Cash-Karp      +0.0%   +50.8%  -1.26e-05 | 0.0232, 0.1874 (a_dG1         ) | 0.0036, 0.0295 (root_c        ) | - -         | (ii) FAIL/pass
bounded Cash-Karp        -33.7%    +0.0%  -2.19e-05 | 0.0172, 0.0558 (a_dG1         ) | 0.0017, 0.0196 (root_P50      ) | 0/0/0 0/0/0 | (ii) pass/pass
ARK soil x10             -42.6%   -13.5%  -2.94e-04 | 0.1050, 0.3480 (omega         ) | 0.0164, 0.1042 (a_d0          ) | 0/0/0 0/0/0 | (i) FAIL/FAIL (ii) FAIL/pass
ARK soil x30             -47.2%   -20.3%  -5.34e-04 | 0.0908, 0.4308 (d_I           ) | 0.0263, 0.0945 (root_c        ) | 0/0/0 0/0/0 | (i) FAIL/FAIL (ii) FAIL/FAIL
ARK soil x50             -48.7%   -22.7%  -9.54e-04 | 0.0390, 0.2599 (d_I           ) | 0.0343, 0.2448 (a_d0          ) | 0/0/0 0/0/0 | (i) FAIL/FAIL (ii) FAIL/FAIL
ARK soil x100            -50.6%   -25.5%  -2.05e-03 | 0.0656, 0.3571 (d_I           ) | 0.0620, 0.2205 (a_d0          ) | 0/0/0 0/0/0 | (i) FAIL/FAIL (ii) FAIL/FAIL

== episodic (distances from epi_1e-5.rds, in eps; sweep clamps are moisture floor/potential ceiling/positivity)
run                       vs CK   vs bnd   J/J* - 1 | resident: median, largest (quantity)   | invader: median, largest (quantity)    | sweeps      | readings (i) C2, (ii) budget
unweighted Cash-Karp      +0.0%   +44.1%  +2.58e-05 | 0.0618, 0.1808 (a_dG1         ) | 0.0077, 0.0713 (root_c        ) | - -         | (ii) FAIL/pass
bounded Cash-Karp        -30.6%    +0.0%  +1.15e-05 | 0.0142, 0.0781 (omega         ) | 0.0029, 0.0212 (stem_c        ) | 0/0/0 0/0/0 | (ii) pass/pass
ARK soil x10             -43.7%   -18.8%  -3.19e-04 | 0.0942, 0.3243 (storage_relaxation_offset) | 0.0094, 0.0874 (root_c        ) | 0/0/0 0/0/0 | (i) FAIL/FAIL (ii) FAIL/pass
ARK soil x30             -47.8%   -24.8%  -4.92e-04 | 0.1732, 0.5498 (omega         ) | 0.0278, 0.1615 (root_P50      ) | 0/0/0 0/0/0 | (i) FAIL/FAIL (ii) FAIL/FAIL
ARK soil x50             -49.3%   -27.0%  -5.46e-04 | 0.0127, 0.1158 (a_dG1         ) | 0.0129, 0.2731 (a_d0          ) | 0/0/0 0/0/0 | (i) pass/FAIL (ii) pass/pass
ARK soil x100            -50.9%   -29.2%  -8.24e-04 | 0.0390, 0.3918 (omega         ) | 0.0265, 0.2538 (a_d0          ) | 0/0/0 0/0/0 | (i) FAIL/FAIL (ii) FAIL/FAIL

== The pick: the largest soil weight meeting the budget reading on both records and both roles: none of 10, 30, 50, 100
   x10  long drought misses, episodic misses
   x30  long drought misses, episodic misses
   x50  long drought misses, episodic meets
   x100 long drought misses, episodic misses

######## Where a weight stopped, if one did
queue8 lane 10 finished 11:40:04
queue8 lane 30 50 finished 11:48:27
