t = 2.000 (u215 at 2.000)
  panel 1: u108 H 2.622 2.002 -> virtual 2.312; u215 real mid H 2.305 (its neighbours 2.622 2.002)
           mu 0.021 0.017 -> virtual 0.019; u215 real mid mu 0.019 (neighbours 0.021 0.017)
           dA: virtual 0.05988 vs share 0.06381 (ratio 0.9383); u215 real 0.05933 vs its share 0.06384 (ratio 0.9293)
  panel 2: u108 H 2.002 1.454 -> virtual 1.728; u215 real mid H 1.718 (its neighbours 2.002 1.455)
           mu 0.017 0.013 -> virtual 0.015; u215 real mid mu 0.015 (neighbours 0.017 0.013)
           dA: virtual 0.02323 vs share 0.02536 (ratio 0.9157); u215 real 0.02277 vs its share 0.02537 (ratio 0.8976)
  panel 3: u108 H 1.454 0.996 -> virtual 1.225; u215 real mid H 1.213 (its neighbours 1.455 0.997)
           mu 0.013 0.009 -> virtual 0.011; u215 real mid mu 0.011 (neighbours 0.013 0.009)
           dA: virtual 0.00758 vs share 0.008553 (ratio 0.8863); u215 real 0.007341 vs its share 0.008556 (ratio 0.8580)
t = 5.000 (u215 at 5.000)
  panel 1: u108 H 7.510 6.655 -> virtual 7.082; u215 real mid H 7.107 (its neighbours 7.524 6.664)
           mu 0.473 0.474 -> virtual 0.474; u215 real mid mu 0.463 (neighbours 0.463 0.465)
           dA: virtual 1.475 vs share 1.495 (ratio 0.9865); u215 real 1.507 vs its share 1.517 (ratio 0.9936)
  panel 2: u108 H 6.655 5.764 -> virtual 6.209; u215 real mid H 6.213 (its neighbours 6.664 5.769)
           mu 0.474 0.482 -> virtual 0.478; u215 real mid mu 0.468 (neighbours 0.465 0.472)
           dA: virtual 0.9552 vs share 0.9743 (ratio 0.9804); u215 real 0.9666 vs its share 0.9872 (ratio 0.9791)
  panel 3: u108 H 5.764 4.919 -> virtual 5.341; u215 real mid H 5.338 (its neighbours 5.769 4.924)
           mu 0.482 0.493 -> virtual 0.487; u215 real mid mu 0.478 (neighbours 0.472 0.483)
           dA: virtual 0.5786 vs share 0.5928 (ratio 0.9760); u215 real 0.5832 vs its share 0.6003 (ratio 0.9716)
t = 7.999 (u215 at 7.999)
  panel 1: u108 H 10.331 9.217 -> virtual 9.774; u215 real mid H 9.859 (its neighbours 10.361 9.235)
           mu 3.029 3.114 -> virtual 3.071; u215 real mid mu 3.051 (neighbours 3.019 3.106)
           dA: virtual 0.3146 vs share 0.3212 (ratio 0.9795); u215 real 0.3303 vs its share 0.3267 (ratio 1.0112)
  panel 2: u108 H 9.217 7.841 -> virtual 8.529; u215 real mid H 8.534 (its neighbours 9.235 7.843)
           mu 3.114 3.279 -> virtual 3.196; u215 real mid mu 3.184 (neighbours 3.106 3.274)
           dA: virtual 0.1779 vs share 0.1867 (ratio 0.9530); u215 real 0.1805 vs its share 0.1888 (ratio 0.9557)
  panel 3: u108 H 7.841 6.647 -> virtual 7.244; u215 real mid H 7.210 (its neighbours 7.843 6.644)
           mu 3.279 3.449 -> virtual 3.364; u215 real mid mu 3.363 (neighbours 3.274 3.446)
           dA: virtual 0.08822 vs share 0.0928 (ratio 0.9505); u215 real 0.08695 vs its share 0.09322 (ratio 0.9328)
t = 9.477 (u215 at 9.489)
  panel 1: u108 H 12.243 11.198 -> virtual 11.720; u215 real mid H 11.823 (its neighbours 12.290 11.235)
           mu 3.143 3.220 -> virtual 3.182; u215 real mid mu 3.162 (neighbours 3.135 3.213)
           dA: virtual 0.51 vs share 0.517 (ratio 0.9864); u215 real 0.5349 vs its share 0.5274 (ratio 1.0143)
  panel 2: u108 H 11.198 9.893 -> virtual 10.546; u215 real mid H 10.572 (its neighbours 11.235 9.915)
           mu 3.220 3.375 -> virtual 3.298; u215 real mid mu 3.286 (neighbours 3.213 3.371)
           dA: virtual 0.3216 vs share 0.3322 (ratio 0.9681); u215 real 0.328 vs its share 0.3375 (ratio 0.9720)
  panel 3: u108 H 9.893 8.753 -> virtual 9.323; u215 real mid H 9.312 (its neighbours 9.915 8.770)
           mu 3.375 3.536 -> virtual 3.456; u215 real mid mu 3.455 (neighbours 3.371 3.533)
           dA: virtual 0.1836 vs share 0.1897 (ratio 0.9678); u215 real 0.1829 vs its share 0.1917 (ratio 0.9541)
t = 11.989 (u215 at 11.989)
  panel 1: u108 H 14.583 13.633 -> virtual 14.108; u215 real mid H 14.190 (its neighbours 14.610 13.651)
           mu 3.474 3.548 -> virtual 3.511; u215 real mid mu 3.490 (neighbours 3.464 3.539)
           dA: virtual 0.6725 vs share 0.6785 (ratio 0.9912); u215 real 0.6999 vs its share 0.6886 (ratio 1.0164)
  panel 2: u108 H 13.633 12.420 -> virtual 13.027; u215 real mid H 13.035 (its neighbours 13.651 12.422)
           mu 3.548 3.703 -> virtual 3.625; u215 real mid mu 3.612 (neighbours 3.539 3.697)
           dA: virtual 0.4623 vs share 0.4729 (ratio 0.9776); u215 real 0.4697 vs its share 0.4778 (ratio 0.9829)
  panel 3: u108 H 12.420 11.356 -> virtual 11.888; u215 real mid H 11.859 (its neighbours 12.422 11.353)
           mu 3.703 3.867 -> virtual 3.785; u215 real mid mu 3.783 (neighbours 3.697 3.863)
           dA: virtual 0.2923 vs share 0.299 (ratio 0.9776); u215 real 0.2905 vs its share 0.3005 (ratio 0.9668)
t = 15.000 (u215 at 15.000)
  panel 1: u108 H 16.775 16.345 -> virtual 16.560; u215 real mid H 16.629 (its neighbours 16.785 16.357)
           mu 4.767 4.859 -> virtual 4.813; u215 real mid mu 4.787 (neighbours 4.753 4.847)
           dA: virtual 0.3088 vs share 0.3099 (ratio 0.9964); u215 real 0.3213 vs its share 0.3147 (ratio 1.0209)
  panel 2: u108 H 16.345 15.421 -> virtual 15.883; u215 real mid H 15.930 (its neighbours 16.357 15.423)
           mu 4.859 5.036 -> virtual 4.948; u215 real mid mu 4.930 (neighbours 4.847 5.027)
           dA: virtual 0.2355 vs share 0.2391 (ratio 0.9848); u215 real 0.2419 vs its share 0.2422 (ratio 0.9987)
  panel 3: u108 H 15.421 14.486 -> virtual 14.954; u215 real mid H 14.931 (its neighbours 15.423 14.484)
           mu 5.036 5.222 -> virtual 5.129; u215 real mid mu 5.123 (neighbours 5.027 5.214)
           dA: virtual 0.1613 vs share 0.1641 (ratio 0.9828); u215 real 0.1614 vs its share 0.1656 (ratio 0.9749)
t = 20.000 (u215 at 20.000)
  panel 1: u108 H 17.402 17.331 -> virtual 17.367; u215 real mid H 17.374 (its neighbours 17.405 17.332)
           mu 6.213 6.306 -> virtual 6.259; u215 real mid mu 6.231 (neighbours 6.197 6.291)
           dA: virtual 0.08491 vs share 0.08503 (ratio 0.9986); u215 real 0.0875 vs its share 0.08638 (ratio 1.0129)
  panel 2: u108 H 17.331 17.216 -> virtual 17.274; u215 real mid H 17.278 (its neighbours 17.332 17.217)
           mu 6.306 6.485 -> virtual 6.396; u215 real mid mu 6.376 (neighbours 6.291 6.474)
           dA: virtual 0.07281 vs share 0.07318 (ratio 0.9950); u215 real 0.07429 vs its share 0.07416 (ratio 1.0019)
  panel 3: u108 H 17.216 17.083 -> virtual 17.150; u215 real mid H 17.151 (its neighbours 17.217 17.083)
           mu 6.485 6.675 -> virtual 6.580; u215 real mid mu 6.573 (neighbours 6.474 6.666)
           dA: virtual 0.05914 vs share 0.05948 (ratio 0.9943); u215 real 0.0596 vs its share 0.06009 (ratio 0.9918)
exit 0
