=== stems per m2 ===
 time  height birth_date
    5  0.6793     0.7810
   10  0.1315     0.7294
   20 15.6882     7.2980
   30  1.4143     1.5731
   50  4.8932     4.3565
   74  5.7602     3.3085
  100  3.8875     2.4805

=== leaf area above z ===
 time  h_z0  b_z0  h_z1  b_z1  h_z5  b_z5
    5 1.762 1.676 1.762 1.676 1.757 1.652
   10 1.539 1.427 1.539 1.427 1.539 1.427
   20 1.582 1.598 1.575 1.596 1.424 1.266
   30 1.562 1.505 1.562 1.505 1.477 1.417
   50 1.540 1.577 1.537 1.576 1.421 1.471
   74 1.603 1.590 1.602 1.590 1.403 1.466
  100 1.593 1.583 1.593 1.583 1.406 1.438

=== birth boundary ===
birth g: min=0.09589 median=0.8212 max=0.8452   times with g<=0: 0 of 140
newborn density  height arm: median=1.215 max=4.78   birth-date arm: median=0.9984 max=0.9985
