grid points used: 1.00 1.50 2.00 2.50 3.00 
SCM (n=561): 0.003817 0.024795 0.097054 0.270304 0.584000 
SCM (n=141): 0.003829 0.024875 0.097378 0.271174 0.585681 

=== (a) per-area ensemble mean and excess ===
age   area  R        mean L       sd L       se L     excess      ratio
1.0   4     8       0.00381    0.00300    0.00106    0.00001      1.002
1.0   16    6       0.00347    0.00150    0.00061    0.00035      1.100
1.0   64    2       0.00327    0.00100    0.00071    0.00055      1.169

1.5   4     8       0.02370    0.01581    0.00559    0.00110      1.046
1.5   16    6       0.02262    0.00873    0.00356    0.00218      1.096
1.5   64    2       0.02027    0.00476    0.00336    0.00453      1.224

2.0   4     8       0.08553    0.04795    0.01695    0.01152      1.135
2.0   16    6       0.08777    0.03136    0.01280    0.00928      1.106
2.0   64    2       0.07713    0.01310    0.00926    0.01993      1.258

2.5   4     8       0.22713    0.10427    0.03687    0.04317      1.190
2.5   16    6       0.24357    0.07643    0.03120    0.02673      1.110
2.5   64    2       0.21221    0.03042    0.02151    0.05809      1.274

3.0   4     8       0.46026    0.18251    0.06453    0.12374      1.269
3.0   16    6       0.52081    0.13883    0.05668    0.06319      1.121
3.0   64    2       0.45887    0.05268    0.03725    0.12513      1.273

=== recruitment driver: cumulative recruits/m2 (Nc) ===
age   area     mean Nc      sd Nc       var Nc        var*A
1.0   4         0.8192     0.5196      0.27002       1.0801
1.0   16        1.0076     0.2957      0.08743       1.3989
1.0   64        0.9061     0.0549      0.00302       0.1931
1.5   4         1.3196     0.5644      0.31851       1.2740
1.5   16        1.4891     0.2694      0.07260       1.1616
1.5   64        1.3246     0.0930      0.00866       0.5541
2.0   4         1.7795     0.6561      0.43040       1.7216
2.0   16        1.9791     0.2614      0.06834       1.0934
2.0   64        1.7666     0.0305      0.00093       0.0597
2.5   4         2.0868     0.7368      0.54293       2.1717
2.5   16        2.5308     0.2117      0.04482       0.7172
2.5   64        2.2777     0.1413      0.01995       1.2770
3.0   4         2.3972     0.7978      0.63646       2.5458
3.0   16        3.0286     0.2840      0.08063       1.2900
3.0   64        2.8133     0.1419      0.02014       1.2893

living N vs cumulative Nc at each age (area 4):
  age 1.0  N=0.8192  Nc=0.8192
  age 1.5  N=1.3196  Nc=1.3196
  age 2.0  N=1.7688  Nc=1.7795
  age 2.5  N=2.0607  Nc=2.0868
  age 3.0  N=2.3660  Nc=2.3972

=== (b) curvature of L on realised recruitment ===

--- driver = Nc at age 1.0 ---
age    b2 (=f''/2)       se(b2)        p       R2 | predicted gap  A=4 / 16 / 64   vs observed
1.0        0.00286      0.00289   0.3403    0.275 |  -0.00077  -0.00025  -0.00001  vs   0.00001   0.00035   0.00055
1.5        0.01383      0.01077   0.2218    0.647 |  -0.00373  -0.00121  -0.00004  vs   0.00110   0.00218   0.00453
2.0        0.08686      0.02148   0.0014    0.857 |  -0.02345  -0.00759  -0.00026  vs   0.01152   0.00928   0.01993
2.5        0.05880      0.06470   0.3800    0.744 |  -0.01588  -0.00514  -0.00018  vs   0.04317   0.02673   0.05809
3.0       -0.01547      0.08684   0.8613    0.856 |   0.00418   0.00135   0.00005  vs   0.12374   0.06319   0.12513

--- driver = Nc at age 1.5 ---
age    b2 (=f''/2)       se(b2)        p       R2 | predicted gap  A=4 / 16 / 64   vs observed
1.5        0.00935      0.01059   0.3934    0.375 |  -0.00298  -0.00068  -0.00008  vs   0.00110   0.00218   0.00453
2.0        0.07435      0.02196   0.0049    0.727 |  -0.02368  -0.00540  -0.00064  vs   0.01152   0.00928   0.01993
2.5        0.07230      0.05708   0.2275    0.635 |  -0.02303  -0.00525  -0.00063  vs   0.04317   0.02673   0.05809
3.0        0.03091      0.08368   0.7178    0.755 |  -0.00985  -0.00224  -0.00027  vs   0.12374   0.06319   0.12513

--- driver = Nc at age 2.0 ---
age    b2 (=f''/2)       se(b2)        p       R2 | predicted gap  A=4 / 16 / 64   vs observed
2.0        0.03443      0.02752   0.2328    0.339 |  -0.01482  -0.00235  -0.00003  vs   0.01152   0.00928   0.01993
2.5        0.05862      0.05437   0.3006    0.490 |  -0.02523  -0.00401  -0.00005  vs   0.04317   0.02673   0.05809
3.0        0.03600      0.08900   0.6925    0.574 |  -0.01549  -0.00246  -0.00003  vs   0.12374   0.06319   0.12513

--- area-4-only quadratic, driver = Nc at same age ---
age 1.0  b2=   0.00197 (se  0.00537)  var= 0.27002  pred gap= -0.00053  obs=  0.00001
age 1.5  b2=   0.00564 (se  0.01855)  var= 0.31851  pred gap= -0.00180  obs=  0.00110
age 2.0  b2=   0.03076 (se  0.05154)  var= 0.43040  pred gap= -0.01324  obs=  0.01152
age 2.5  b2=  -0.06312 (se  0.07848)  var= 0.54293  pred gap=  0.03427  obs=  0.04317
age 3.0  b2=  -0.13587 (se  0.09380)  var= 0.63646  pred gap=  0.08647  obs=  0.12374

=== sizing new replicates ===
target: se(mean L) small vs the 4-vs-16 m2 difference in mean L
age 1.0   cv4=0.787 cv16=0.433 cv64=0.306  m16-m4=-0.00034  R for se=dif/5: 4m2  1921  16m2   482
age 1.5   cv4=0.667 cv16=0.386 cv64=0.235  m16-m4=-0.00108  R for se=dif/5: 4m2  5315  16m2  1621
age 2.0   cv4=0.561 cv16=0.357 cv64=0.170  m16-m4=0.00224  R for se=dif/5: 4m2 11418  16m2  4882
age 2.5   cv4=0.459 cv16=0.314 cv64=0.143  m16-m4=0.01644  R for se=dif/5: 4m2  1006  16m2   540
age 3.0   cv4=0.397 cv16=0.267 cv64=0.115  m16-m4=0.06055  R for se=dif/5: 4m2   227  16m2   131
