=== per-area ensemble means (truncated IBM, t<=3.5) ===
cv = control-variate adjusted using exact arrival-time moments

age 1.0   SCM(561)=0.003817  SCM(141)=0.003829
  area   R         mean L        se |    cv mean    se(cv)     R2 |  excess_cv        se    ratio
  4      600      0.00542   0.00025 |    0.00534   0.00018  0.496 |   -0.00152   0.00018   0.7154
  16     400      0.00351   0.00007 |    0.00350   0.00001  0.975 |    0.00032   0.00001   1.0917

age 1.5   SCM(561)=0.024795  SCM(141)=0.024875
  area   R         mean L        se |    cv mean    se(cv)     R2 |  excess_cv        se    ratio
  4      600      0.02768   0.00088 |    0.02757   0.00045  0.733 |   -0.00277   0.00045   0.8994
  16     400      0.02196   0.00037 |    0.02200   0.00006  0.978 |    0.00280   0.00006   1.1273

age 2.0   SCM(561)=0.097054  SCM(141)=0.097378
  area   R         mean L        se |    cv mean    se(cv)     R2 |  excess_cv        se    ratio
  4      600      0.09420   0.00234 |    0.09437   0.00078  0.890 |    0.00268   0.00078   1.0284
  16     400      0.08426   0.00123 |    0.08472   0.00018  0.980 |    0.01233   0.00018   1.1456

age 2.5   SCM(561)=0.270304  SCM(141)=0.271174
  area   R         mean L        se |    cv mean    se(cv)     R2 |  excess_cv        se    ratio
  4      600      0.24602   0.00510 |    0.24730   0.00122  0.943 |    0.02300   0.00122   1.0930
  16     400      0.23315   0.00296 |    0.23483   0.00046  0.976 |    0.03547   0.00046   1.1510

age 3.0   SCM(561)=0.584000  SCM(141)=0.585681
  area   R         mean L        se |    cv mean    se(cv)     R2 |  excess_cv        se    ratio
  4      600      0.50835   0.00892 |    0.51185   0.00193  0.953 |    0.07215   0.00193   1.1410
  16     400      0.50485   0.00543 |    0.50873   0.00093  0.971 |    0.07527   0.00093   1.1480

=== arrival-process sanity: mean m0 vs exact lambda*t ===
age 1.0 expected 1.00 :  A=4 0.9888  A=16 0.9842 
age 1.5 expected 1.50 :  A=4 1.4763  A=16 1.4827 
age 2.0 expected 2.00 :  A=4 1.9775  A=16 1.9897 
age 2.5 expected 2.50 :  A=4 2.4758  A=16 2.4805 
age 3.0 expected 3.00 :  A=4 2.9675  A=16 2.9733 

=== fit excess(A) = b + c/A  (weighted by 1/se^2) ===
age   variant                              b      se(b)           95% CI for b           c     chi2        p
1.0   all areas, cv                  0.00093    0.00006  [  0.00081,  0.00105]    -0.00981     0.00       NA
1.0   all areas, plain               0.00095    0.00013  [  0.00070,  0.00119]    -0.01021     0.00       NA

1.5   all areas, cv                  0.00466    0.00017  [  0.00433,  0.00499]    -0.02973     0.00       NA
1.5   all areas, plain               0.00475    0.00058  [  0.00361,  0.00588]    -0.03051     0.00       NA

2.0   all areas, cv                  0.01555    0.00035  [  0.01486,  0.01624]    -0.05148     0.00       NA
2.0   all areas, plain               0.01610    0.00182  [  0.01254,  0.01967]    -0.05301     0.00       NA

2.5   all areas, cv                  0.03962    0.00074  [  0.03818,  0.04107]    -0.06648     0.00       NA
2.5   all areas, plain               0.04144    0.00430  [  0.03302,  0.04986]    -0.06864     0.00       NA

3.0   all areas, cv                  0.07632    0.00139  [  0.07359,  0.07905]    -0.01668     0.00       NA
3.0   all areas, plain               0.08032    0.00783  [  0.06498,  0.09566]    -0.01869     0.00       NA

=== headline: b as a fraction of the deterministic SCM value ===
age      SCM(561)  excess@4m2           b           95% CI for b      b/SCM (%)
1.0       0.00382    -0.00152     0.00093  [  0.00081,  0.00105]  24.46 [21.30,27.62]
1.5       0.02479    -0.00277     0.00466  [  0.00433,  0.00499]  18.78 [17.45,20.12]
2.0       0.09705     0.00268     0.01555  [  0.01486,  0.01624]  16.02 [15.31,16.73]
2.5       0.27030     0.02300     0.03962  [  0.03818,  0.04107]  14.66 [14.13,15.19]
3.0       0.58400     0.07215     0.07632  [  0.07359,  0.07905]  13.07 [12.60,13.54]

=== fit on the regular-arrival ladder (no recruitment noise) ===
age             b      se(b)           95% CI for b           c    b/SCM %
1.0      0.000446   0.000014  [ 0.000419, 0.000473]   -0.001074      11.68
1.5      0.003161   0.000090  [ 0.002984, 0.003338]   -0.005138      12.75
2.0      0.012517   0.000384  [ 0.011764, 0.013269]   -0.014301      12.90
2.5      0.035050   0.001210  [ 0.032679, 0.037421]   -0.037355      12.97
3.0      0.071844   0.003096  [ 0.065775, 0.077913]   -0.102953      12.30

ladder means by area (rows = A):
A          L(1.0)     L(1.5)     L(2.0)     L(2.5)     L(3.0)
4        0.003699   0.022854   0.087617   0.242545   0.526256   excess  0.0001  0.0019  0.0094  0.0278  0.0577
8        0.003491   0.022178   0.086229   0.240551   0.509361   excess  0.0003  0.0026  0.0108  0.0298  0.0746
16       0.003437   0.021961   0.085564   0.238926   0.521032   excess  0.0004  0.0028  0.0115  0.0314  0.0630
32       0.003417   0.021864   0.085272   0.235515   0.515709   excess  0.0004  0.0029  0.0118  0.0348  0.0683
64       0.003353   0.021310   0.083519   0.234396   0.511307   excess  0.0005  0.0035  0.0135  0.0359  0.0727
128      0.003360   0.021329   0.083451   0.232201   0.508246   excess  0.0005  0.0035  0.0136  0.0381  0.0758

=== direct curvature: quadratic of L on realised recruitment, per area ===
pred = b2 * Var(driver)  should equal the observed -excess if the gap is nonlinear averaging
age   area           b2     se(b2)    var(Nc)     pred gap   obs excess    ratio
1.0   4        -0.00030    0.00074    0.23626      0.00007     -0.00161   -0.044
1.0   16       -0.00058    0.00069    0.05779      0.00003      0.00031    0.110

1.5   4        -0.00088    0.00175    0.33396      0.00029     -0.00288   -0.102
1.5   16        0.00009    0.00230    0.09355     -0.00001      0.00284   -0.003

2.0   4        -0.00369    0.00322    0.45765      0.00169      0.00285    0.593
2.0   16        0.00231    0.00593    0.11798     -0.00027      0.01279   -0.021

2.5   4        -0.00595    0.00532    0.55849      0.00332      0.02428    0.137
2.5   16       -0.00430    0.01236    0.15276      0.00066      0.03715    0.018

3.0   4        -0.01254    0.00750    0.71050      0.00891      0.07565    0.118
3.0   16        0.00072    0.01816    0.18170     -0.00013      0.07915   -0.002

