
################ t = 1 ################
IBM  A=32: t=1.00000  n=32 alive=31  sum(a)/A = 0.002981
SCM      : t=1.00000  nodes=76  competition=NA

     age        a_IBM        a_SCM    ratio |      h_IBM      h_SCM    ratio |   surv_IBM   surv_SCM
  0.9844   7.5961e-05   1.6079e-02   0.0047 |    0.36913    1.90034   0.1942 |    0.99888    0.98847
  0.9219   1.1122e-02   1.2626e-02   0.8809 |    1.69765    1.76482   0.9619 |    1.00000    0.98913
  0.8594   8.6529e-03   9.7907e-03   0.8838 |    1.57212    1.63269   0.9629 |    1.00000    0.98977
  0.7969   6.6472e-03   7.5078e-03   0.8854 |    1.45025    1.50454   0.9639 |    1.00000    0.99041
  0.7344   5.0380e-03   5.6682e-03   0.8888 |    1.33231    1.38047   0.9651 |    1.00000    0.99104
  0.6719   3.7645e-03   4.2359e-03   0.8887 |    1.21866    1.26124   0.9662 |    1.00000    0.99168
  0.6094   2.7716e-03   3.1046e-03   0.8927 |    1.10966    1.14664   0.9677 |    1.00000    0.99231
  0.5469   2.0094e-03   2.2393e-03   0.8974 |    1.00567    1.03734   0.9695 |    1.00000    0.99295
  0.4844   1.4339e-03   1.5885e-03   0.9026 |    0.90700    0.93369   0.9714 |    1.00000    0.99358
  0.4219   1.0067e-03   1.1079e-03   0.9086 |    0.81395    0.83602   0.9736 |    1.00000    0.99422
  0.3594   6.9513e-04   7.6939e-04   0.9035 |    0.72675    0.74541   0.9750 |    1.00000    0.99485
  0.2969   4.7207e-04   5.4154e-04   0.8717 |    0.64559    0.66205   0.9751 |    1.00000    0.99548
  0.2344   3.1529e-04   3.4370e-04   0.9174 |    0.57058    0.58199   0.9804 |    1.00000    0.99611
  0.1719   2.0714e-04   2.3590e-04   0.8781 |    0.50176    0.51182   0.9803 |    1.00000    0.99674
  0.1094   1.3391e-04   1.5505e-04   0.8637 |    0.43906    0.45919   0.9562 |    1.00000    0.99721
  0.0469   8.5231e-05   1.5505e-04   0.5497 |    0.38236    0.45919   0.8327 |    1.00000    0.99721

  sum a_IBM/A = 0.002981   sum a_SCM(at same ages)/A = 0.003871   ratio 0.7701
  SCM node ages: n=76, range [0.12500, 1.00000]; first 6 ages 0.12500 0.25000 0.37500 0.43750 0.50000 0.56250
  SCM trapz over its own nodes of dens*a: 0.003816

################ t = 3 ################
IBM  A=32: t=3.00000  n=96 alive=94  sum(a)/A = 0.502137
SCM      : t=3.00000  nodes=84  competition=NA

     age        a_IBM        a_SCM    ratio |      h_IBM      h_SCM    ratio |   surv_IBM   surv_SCM
  2.9844   7.5961e-05   9.7002e-01   0.0001 |    0.36913    6.66299   0.0554 |    0.99888    0.96777
  2.7969   6.6257e-01   7.6343e-01   0.8679 |    5.92941    6.19186   0.9576 |    1.00000    0.96973
  2.6094   5.0910e-01   5.8210e-01   0.8746 |    5.47009    5.69802   0.9600 |    1.00000    0.97168
  2.4219   3.7997e-01   4.3057e-01   0.8825 |    5.00169    5.19561   0.9627 |    1.00000    0.97362
  2.2344   2.7536e-01   3.0959e-01   0.8894 |    4.53237    4.69498   0.9654 |    1.00000    0.97557
  2.0469   1.9321e-01   2.1600e-01   0.8945 |    4.06668    4.20097   0.9680 |    1.00000    0.97752
  1.8594   1.3056e-01   1.4416e-01   0.9057 |    3.60706    3.71477   0.9710 |    1.00000    0.97946
  1.6719   8.4342e-02   9.4686e-02   0.8908 |    3.15561    3.24155   0.9735 |    1.00000    0.98140
  1.4844   5.1611e-02   5.6138e-02   0.9194 |    2.71527    2.77840   0.9773 |    1.00000    0.98333
  1.2969   2.9599e-02   3.2792e-02   0.9026 |    2.29046    2.33634   0.9804 |    1.00000    0.98524
  1.1094   1.5723e-02   1.7878e-02   0.8795 |    1.88737    1.92066   0.9827 |    1.00000    0.98714
  0.9219   7.6479e-03   8.5820e-03   0.8912 |    1.51383    1.53492   0.9863 |    1.00000    0.98901
  0.7344   3.3719e-03   3.4983e-03   0.9639 |    1.17827    1.18426   0.9949 |    1.00000    0.99084
  0.5469   1.3423e-03   1.5300e-03   0.8773 |    0.88886    0.89413   0.9941 |    1.00000    0.99262
  0.3594   4.8698e-04   1.0379e-03   0.4692 |    0.65177    0.82160   0.7933 |    1.00000    0.99306
  0.1719   1.6536e-04   1.0379e-03   0.1593 |    0.46833    0.82160   0.5700 |    1.00000    0.99306

  sum a_IBM/A = 0.502137   sum a_SCM(at same ages)/A = 0.602332   ratio 0.8337
  SCM node ages: n=84, range [0.50000, 3.00000]; first 6 ages 0.50000 0.75000 1.00000 1.25000 1.50000 1.75000
  SCM trapz over its own nodes of dens*a: 0.585409
Warning messages:
1: In sprintf("%.5f", head(sort(sc$age)), 4) :
  one argument not used by format '%.5f'
2: In sprintf("%.5f", head(sort(sc$age)), 4) :
  one argument not used by format '%.5f'
