full schedule: n = 141  n<=3.5 = 85 
schedule times <=3.5: 0 1e-05 2e-05 3e-05 4e-05 5e-05 6e-05 7e-05 8e-05 9.5259e-05 0.00011052 0.00012578 0.00014104 0.00015629 0.00018681 0.00021733 0.00024785 0.00027836 0.00030888 0.00036992 0.00043095 0.00049199 0.00055302 0.00061406 0.00073613 0.0008582 0.00098027 0.0011023 0.0012244 0.0014685 0.0017127 0.0019568 0.002201 0.0024451 0.0029334 0.0034217 0.00391 0.0043982 0.0048865 0.0058631 0.0068396 0.0078162 0.0087928 0.0097693 0.011722 0.013676 0.015629 0.017582 0.019535 0.023441 0.027347 0.031254 0.03516 0.039066 0.046879 0.054691 0.062504 0.070316 0.078129 0.093754 0.10938 0.125 0.14063 0.15625 0.1875 0.21875 0.25 0.28125 0.3125 0.375 0.4375 0.5 0.5625 0.625 0.75 0.875 1 1.125 1.25 1.5 1.75 2 2.25 2.5 3 

=== does truncating the SCM schedule at 3.5 change ages<=3? ===
truncated, default tol : 0.003829 0.024875 0.097378 0.271174 0.585681
stored full run (n=141): 0.003829 0.024875 0.097378 0.271174 0.585681

=== ODE tolerance sweep, birth-date SCM, schedule truncated at 3.5 ===
tol          max step       L(1.0)     L(1.5)     L(2.0)     L(2.5)     L(3.0)
1e-04        default      0.003829   0.024875   0.097378   0.271174   0.585681   (13s)
1e-05        default      0.003829   0.024875   0.097377   0.271174   0.585681   (15s)
1e-06        default      0.003829   0.024875   0.097378   0.271174   0.585682   (18s)
1e-07        default      0.003829   0.024875   0.097378   0.271174   0.585682   (19s)
1e-08        default      0.003829   0.024875   0.097378   0.271174   0.585682   (21s)
1e-08        0.05         0.003829   0.024875   0.097378   0.271174   0.585682   (23s)
1e-08        0.01         0.003829   0.024875   0.097378   0.271174   0.585682   (19s)

=== same sweep with a finer node schedule (all midpoints, twice) ===
n=340  tol=1e-04      0.003817   0.024795   0.097054   0.270304   0.584000
n=340  tol=1e-08      0.003817   0.024795   0.097054   0.270305   0.584000

=== IBM, regular arrivals A=64, same tolerance sweep ===
tol=1e-04      0.003425   0.021579   0.084540   0.237008   0.514099
tol=1e-06      0.003425   0.021579   0.084540   0.237008   0.514098
tol=1e-08      0.003425   0.021579   0.084540   0.237008   0.514098
