K93   ht  eps=0.2       iters=2   conv=TRUE  n_run=148   n_final=148   ode=266    val=0.0305587357        0.6s
K93   ht  eps=0.0632    iters=3   conv=TRUE  n_run=163   n_final=163   ode=315    val=0.03058303378       0.7s
K93   ht  eps=0.02      iters=4   conv=TRUE  n_run=181   n_final=181   ode=360    val=0.03059658723       1.3s
K93   ht  eps=0.00632   iters=5   conv=TRUE  n_run=217   n_final=217   ode=452    val=0.03060102692       2.7s
K93   ht  eps=0.002     iters=5   conv=TRUE  n_run=265   n_final=265   ode=534    val=0.03059916579       4.0s
K93   ht  eps=0.000632  iters=8   conv=TRUE  n_run=357   n_final=357   ode=669    val=0.03058135824      12.6s
K93   ht  eps=0.0002    iters=12  conv=TRUE  n_run=477   n_final=477   ode=866    val=0.03057812708      30.6s
K93   bd  eps=0.2       iters=3   conv=TRUE  n_run=149   n_final=149   ode=159    val=0.03063093048       0.3s
K93   bd  eps=0.0632    iters=5   conv=TRUE  n_run=162   n_final=162   ode=172    val=0.03063315307       0.7s
K93   bd  eps=0.02      iters=4   conv=TRUE  n_run=173   n_final=173   ode=183    val=0.03063228051       0.5s
K93   bd  eps=0.00632   iters=5   conv=TRUE  n_run=200   n_final=200   ode=210    val=0.03062532563       0.7s
K93   bd  eps=0.002     iters=5   conv=TRUE  n_run=232   n_final=232   ode=242    val=0.03061330467       0.8s
K93   bd  eps=0.000632  iters=7   conv=TRUE  n_run=296   n_final=296   ode=306    val=0.03059046337       2.4s
K93   bd  eps=0.0002    iters=7   conv=TRUE  n_run=379   n_final=379   ode=404    val=0.03058110355       3.6s
DONE
K93   height      k=0 n=141   ode=238    val=0.03054664703       0.2s
K93   birth-date  k=0 n=141   ode=153    val=0.03062748567       0.1s
K93   height      k=1 n=281   ode=404    val=0.03056527901       1.9s
K93   birth-date  k=1 n=281   ode=290    val=0.030583312         0.4s
K93   height      k=2 n=561   ode=699    val=0.03056924971      13.8s
K93   birth-date  k=2 n=561   ode=571    val=0.03057363004      11.4s
K93   height      k=3 n=1121  ode=1274   val=0.03057019467     136.5s
K93   birth-date  k=3 n=1121  ode=1131   val=0.03057127362     148.4s
K93   height      k=4 n=2241  ode=2399   val=0.03057043448    1192.9s
K93   birth-date  k=4 n=2241  ode=2251   val=0.03057069055     802.7s
Terminated
ht iter  1 n=141  val=0.03054665   nflag=15  maxE=1.128      maxRep=0.002287   flagged t: 0.1875(0.2) 0.2188(1.13) 0.25(0.657) 0.2813(0.384) 0.3125(0.484) 0.375(0.563) 0.4375(0.276) 0.5(0.142) 0.5625(0.0789) 0.625(0.0972) 0.75(0.107) 0.875(0.0425) 18(0.0254) 20(0.213) 22(0.0726)
ht iter  2 n=156  val=0.03058677   nflag=18  maxE=0.1854     maxRep=0.0023     flagged t: 0.2031(0.0435) 0.2188(0.185) 0.2344(0.158) 0.25(0.117) 0.2656(0.0889) 0.2813(0.0711) 0.2969(0.0526) 0.3125(0.0949) 0.3438(0.158) 0.375(0.104) 0.4063(0.071) 0.4375(0.0473) 0.4688(0.0334) 0.5(0.0245) 0.6875(0.0279) 1(0.02) 21(0.0478) 22(0.0233)
ht iter  3 n=174  val=0.03059631   nflag=7   maxE=0.03436    maxRep=0.002312   flagged t: 0.2266(0.0336) 0.2344(0.028) 0.2422(0.024) 0.25(0.0211) 0.3281(0.0344) 0.3438(0.0278) 0.3594(0.0224)
ht iter  4 n=181  val=0.03059659   nflag=0   maxE=0.01891    maxRep=0.002312   flagged t: 
bd iter  1 n=141  val=0.03062749   nflag=11  maxE=1.175      maxRep=0.002276   flagged t: 0.2188(0.102) 0.25(0.613) 0.2813(1.04) 0.3125(1.17) 0.375(1.1) 0.4375(0.39) 0.5(0.156) 0.5625(0.0697) 0.625(0.0808) 0.75(0.0794) 0.875(0.0264)
bd iter  2 n=152  val=0.03063123   nflag=11  maxE=0.2749     maxRep=0.002275   flagged t: 0.2344(0.275) 0.25(0.242) 0.2656(0.165) 0.2813(0.138) 0.2969(0.0949) 0.3125(0.174) 0.3438(0.269) 0.375(0.144) 0.4063(0.0837) 0.4375(0.0495) 0.4688(0.0307)
bd iter  3 n=163  val=0.03063219   nflag=10  maxE=0.07028    maxRep=0.002275   flagged t: 0.2344(0.0703) 0.2422(0.0631) 0.25(0.0502) 0.2578(0.0411) 0.2656(0.034) 0.2734(0.0262) 0.3125(0.0234) 0.3281(0.0475) 0.3438(0.0341) 0.3594(0.0247)
bd iter  4 n=173  val=0.03063228   nflag=0   maxE=0.01999    maxRep=0.002275   flagged t: 
DONE
