=== SCM, schedule truncated at 3.5 (verified bit-exact vs the full run) ===
height n<=3.5=85      0.006281    0.050349    0.229261    0.682294    1.359992
height n<=3.5=170     0.006272    0.050261    0.228830    0.681228    1.359408
height n<=3.5=340     0.006269    0.050238    0.228720    0.680940    1.359107
birth  n<=3.5=85      0.003829    0.024875    0.097378    0.271174    0.585681
birth  n<=3.5=170     0.003819    0.024811    0.097119    0.270479    0.584337
birth  n<=3.5=340     0.003817    0.024795    0.097054    0.270304    0.584000

=== oracle: regular arrivals, soil frozen at each end of the bracket ===
A=64   off=1.0 soil=wet    0.003702    0.024044    0.094192    0.263812    0.574007  se 0.0e+00 3.9e-04 2.5e-03 7.7e-03 1.5e-02  max|t-age|=0.0e+00
A=64   off=1.0 soil=dry    0.003691    0.023963    0.093860    0.262882    0.572101  se 0.0e+00 3.9e-04 2.5e-03 7.6e-03 1.5e-02  max|t-age|=0.0e+00
A=64   off=0.5 soil=wet    0.003834    0.024656    0.095965    0.267562    0.580038  se 0.0e+00 4.0e-04 2.5e-03 7.8e-03 1.5e-02  max|t-age|=7.8e-03
A=64   off=0.5 soil=dry    0.003823    0.024573    0.095627    0.266618    0.578115  se 0.0e+00 4.0e-04 2.5e-03 7.7e-03 1.5e-02  max|t-age|=7.8e-03
A=128  off=1.0 soil=wet    0.003714    0.024414    0.096439    0.268819    0.584663  se 2.5e-05 1.1e-04 3.4e-04 7.9e-04 1.7e-03  max|t-age|=0.0e+00
A=128  off=1.0 soil=dry    0.003703    0.024332    0.096099    0.267871    0.582725  se 2.5e-05 1.1e-04 3.4e-04 7.8e-04 1.7e-03  max|t-age|=0.0e+00

=== oracle: Poisson arrivals, A=64, soil=wet, R=40 (control-variate adjusted) ===
plain     0.003849    0.025155    0.098424    0.274225    0.591776  se 1.6e-04 8.9e-04 3.0e-03 7.3e-03 1.3e-02
cv        0.003804    0.024780    0.096729    0.269848    0.583894  se 1.2e-05 7.8e-05 2.7e-04 6.8e-04 1.4e-03


################ FINAL TABLE ################
  age |  oracle wet  oracle dry |  SCM height  ratio (w..d) | SCM birthdate  ratio (w..d)
  1.0 |    0.003714    0.003703 |    0.006269  1.69..1.69  |    0.003817 1.028..1.031
  1.5 |    0.024414    0.024332 |    0.050238  2.06..2.06  |    0.024795 1.016..1.019
  2.0 |    0.096439    0.096099 |    0.228720  2.37..2.38  |    0.097054 1.006..1.010
  2.5 |    0.268819    0.267871 |    0.680940  2.53..2.54  |    0.270304 1.006..1.009
  3.0 |    0.584663    0.582725 |    1.359107  2.32..2.33  |    0.584000 0.999..1.002

soil bracket width as a fraction of the oracle:
  -0.3%  -0.3%  -0.4%  -0.4%  -0.3%

Poisson vs regular at A=64, soil wet:
  regular    0.003702    0.024044    0.094192    0.263812    0.574007
  Poisson    0.003804    0.024780    0.096729    0.269848    0.583894
  ratio        1.0276      1.0306      1.0269      1.0229      1.0172
