=== interpolation artefact, midpoint placement (off = 0.5*dt) ===
area   soil estimator      L(1.0)      L(1.5)      L(2.0)      L(2.5)      L(3.0)
64     wet  linear       0.003834    0.023861    0.090936    0.252064    0.550000
64     wet  loglinear    0.003832    0.023853    0.090921    0.252039    0.549969
64     wet  lin/log-1     0.0598%     0.0309%     0.0173%     0.0101%     0.0056%   <-- artefact
64     wet  dlnL/dt          3.66        3.66        2.68        2.04        1.56

64     dry  linear       0.003823    0.023781    0.090616    0.251174    0.548164
64     dry  loglinear    0.003821    0.023773    0.090600    0.251149    0.548133
64     dry  lin/log-1     0.0597%     0.0308%     0.0173%     0.0101%     0.0056%   <-- artefact
64     dry  dlnL/dt          3.66        3.66        2.68        2.04        1.56

128    wet  linear       0.003805    0.024831    0.097678    0.271499    0.589403
128    wet  loglinear    0.003804    0.024829    0.097674    0.271492    0.589395
128    wet  lin/log-1     0.0149%     0.0077%     0.0042%     0.0024%     0.0013%   <-- artefact
128    wet  dlnL/dt          3.75        3.75        2.74        2.04        1.55

128    dry  linear       0.003794    0.024748    0.097333    0.270542    0.587453
128    dry  loglinear    0.003793    0.024746    0.097329    0.270535    0.587445
128    dry  lin/log-1     0.0149%     0.0077%     0.0042%     0.0024%     0.0013%   <-- artefact
128    dry  dlnL/dt          3.75        3.75        2.74        2.04        1.55

For reference: the same diagnostic at 4 m2 (Poisson gaps ~0.25 y)
  4      wet  linear       0.004150    0.026089    0.100695    0.278753    0.599915
  4      wet  loglinear    0.003568    0.024121    0.096414    0.271892    0.591781
  4      wet  lin/log-1    16.3195%     8.1576%     4.4398%     2.5235%     1.3744%
