J_ref (split, 1e-7) 12.6687125607; plain at 1e-7 12.6687157681; split at 1e-6 12.6687258851
P2: plain less split at 1e-7, relative +2.53e-07 (bar 1e-6); split 1e-6 less 1e-7 +1.05e-06 (bar 1e-7)

  tol plain_err split_err plain_steps split_steps splits secs_ratio_loaded
 1e-3 -2.12e-04 -1.03e-04       11003       10999   9231             1.171
 3e-4  5.74e-05 -2.05e-05       12751       12751   9233             1.178
 1e-4  3.55e-05  3.43e-06       14839       14844   9239             1.099
 3e-5 -1.25e-05  1.35e-06       17684       17683   9244             0.994
 1e-5  5.27e-06  5.76e-06       21107       21106   9247             1.195

P1: the split's error falls at every rung: FALSE (factors 5.02, 5.99, 2.54, 0.23); at 1e-4 split 3.43e-06, plain 3.55e-05
    the plain arm's error falls at every rung: TRUE (factors 3.69, 1.62, 2.84, 2.37)

P3: the forward at 1e-4 alone on the machine: plain 70.3, 71.3 s, split 73.7, 77.6 s; split / plain 1.069 (bar 1.06)
    the split's added seconds per node step split: 0.53 ms
Extension: plain at 1e-5 alone 98.7, 98.5 s; the split at 1e-4 over it 0.768

H(r) at r = 1e-3, 1e-2, 3e-2, eps for lma's curvature 1.168
          rp      rs
1e-3 -47.176 -42.862
1e-2 -44.004 -43.438
3e-2 -43.622 -43.468
the split's own replay at lma repeats its forward: FALSE
P4: split H at 1e-2 and 3e-2 differ by 0.026 eps (bar 0.1); from -43.45 by +0.010 and -0.015 eps (bar 1/3)
P5: H at 1e-3 less H at 1e-2, in eps: split +0.494, plain -2.716 (bar 1/3)

Not pre-registered: H(r) with the trait lma moved through the hyperparameterisation
       plain   split
1e-3 -22.868 -19.617
1e-2 -19.957 -19.645
3e-2 -19.776 -19.667
split: 1e-3 less 1e-2 +0.023 eps, 1e-2 less 3e-2 +0.019 eps; plain: -2.493 and -0.155 eps

The probe (the step's own end corrected by what the cuts change):
   1e-3    1e-2    3e-2 
-43.203 -43.439 -43.474 
P6: its H at 1e-3 less at 1e-2 +0.202 eps (bar 0.1)
P7: its H from -43.45 at 1e-2 and 3e-2 +0.010 and -0.021 eps (bar 1/3); J at 1e-4 from J_ref +2.31e-05, the split's +3.43e-06
    its forward: 14845 steps, 9239 splits, 76 s (the split's 14844, 9239, 100 s; both under load)
