
== the resident's row, d e_k / d ln lma
lma at D = 0.01: chord -43.4586, second difference -43.4578, 2 (ln J)'' - chord -43.4571
lma at D = 0.03: chord -43.6105, second difference -43.5967, 2 (ln J)'' - chord -43.5830
S6 (lma's chord within eps/3 of the second difference at 1e-2): 0.00 eps, holds
S7 (1e-2 against 3e-2): fails (largest 3.69 eps, rooting_depth_max): omega 1.06, a_l1 0.36, a_d0 0.87, a_dG2 0.40, a_st3 0.71, storage_relaxation_offset 0.38, rooting_depth_max 3.69 
S8 (gm against G0 at 1e-2): fails (largest 0.72 eps, a_dG1): a_dG1 0.72, storage_relaxation_offset 0.41
S8 (gp against G0 at 1e-2): fails (largest 0.80 eps, a_d0): a_d0 0.80, a_dG1 0.60, a_st3 0.36, storage_relaxation_offset 0.36, root_P50 0.75, recruitment_decay 0.41
                                 D1e2        D3e2          gm          gp
lma                       -4.3459e+01 -4.3610e+01 -4.3528e+01 -4.3533e+01
rho                       -2.4646e+01 -2.4645e+01 -2.4682e+01 -2.4683e+01
hmat                      -3.3007e+01 -3.3094e+01 -3.3006e+01 -3.3004e+01
omega                      1.4998e-01  1.2936e-01  1.5510e-01  1.5458e-01
theta                     -1.5341e+01 -1.5286e+01 -1.5388e+01 -1.5382e+01
a_l1                       2.7053e+00  2.6538e+00  2.6735e+00  2.6672e+00
a_l2                       1.0365e+01  1.0394e+01  1.0431e+01  1.0411e+01
a_r1                       1.3057e+01  1.3123e+01  1.3075e+01  1.3080e+01
a_b1                      -3.7718e+00 -3.7785e+00 -3.7734e+00 -3.7739e+00
r_s                       -3.5478e+00 -3.5733e+00 -3.5448e+00 -3.5455e+00
r_b                       -1.2063e+00 -1.2149e+00 -1.2052e+00 -1.2055e+00
r_r                       -5.1291e+00 -5.1467e+00 -5.1335e+00 -5.1345e+00
r_l                       -3.9104e+01 -3.9344e+01 -3.9131e+01 -3.9138e+01
a_y                        2.6101e+01  2.5980e+01  2.6190e+01  2.6188e+01
a_bio                      2.6101e+01  2.5980e+01  2.6190e+01  2.6188e+01
k_l                       -1.5898e+00 -1.5996e+00 -1.5909e+00 -1.5912e+00
k_b                       -1.0659e+00 -1.0736e+00 -1.0650e+00 -1.0652e+00
k_s                       -6.2701e+00 -6.3151e+00 -6.2647e+00 -6.2659e+00
k_r                       -1.3782e+00 -1.3829e+00 -1.3794e+00 -1.3797e+00
a_f3                       5.3291e-13  4.4409e-14  4.9960e-14  2.8866e-13
a_f1                       5.3923e-01  5.4010e-01  5.3923e-01  5.3913e-01
a_f2                      -6.2158e-01 -6.3093e-01 -6.2153e-01 -6.2155e-01
S_D                       -3.3307e-14  3.7007e-15  2.2204e-14  0.0000e+00
a_d0                       1.7914e-02  1.8333e-02  1.7887e-02  1.7526e-02
d_I                        5.3123e-02  5.2887e-02  5.3876e-02  5.3154e-02
a_dG1                      3.6323e+00  3.6105e+00  3.7496e+00  3.7300e+00
a_dG2                     -6.5923e-01 -6.2674e-01 -6.8493e-01 -6.8278e-01
a_st1                     -2.2345e+00 -2.2135e+00 -2.2572e+00 -2.2556e+00
a_st2                     -5.9805e-01 -5.8871e-01 -6.0357e-01 -6.0356e-01
a_st3                      6.9381e-04  5.1386e-04  7.6191e-04  7.8552e-04
storage_relaxation_offset -1.0340e+00 -1.0197e+00 -1.0494e+00 -1.0475e+00
k_I                        9.2015e+00  9.2031e+00  9.2333e+00  9.2316e+00
vcmax_25                   2.5750e+01  2.5847e+01  2.5756e+01  2.5778e+01
stem_P50                   3.0476e+01  3.0596e+01  3.0490e+01  3.0495e+01
K_s                        9.3045e+00  9.3593e+00  9.2948e+00  9.3008e+00
stem_c                     6.0158e+00  6.0359e+00  6.0511e+00  6.0317e+00
TF24_beta2                 1.4035e+01  1.4081e+01  1.4066e+01  1.4056e+01
TF24_cost_scale           -9.1187e+00 -9.1750e+00 -9.1083e+00 -9.1303e+00
TF24_floor_lambda_o       -1.3101e-04 -1.3119e-04 -1.3153e-04 -1.3151e-04
jmax_25                    2.3916e+01  2.3930e+01  2.3984e+01  2.3983e+01
a                          7.8523e+00  7.8411e+00  7.8917e+00  7.8807e+00
curv_fact_elec_trans       1.0890e+01  1.0886e+01  1.0932e+01  1.0926e+01
curv_fact_colim            2.6963e+02  2.7029e+02  2.6992e+02  2.7007e+02
R_d_25                    -4.8515e+00 -4.8620e+00 -4.8597e+00 -4.8603e+00
root_c                     2.5667e-01  2.5604e-01  2.5544e-01  2.5278e-01
root_P50                   2.1747e-01  2.1841e-01  2.2135e-01  2.3223e-01
rooting_depth_max         -8.0799e-01 -6.9419e-01 -8.1602e-01 -8.1475e-01
D_c                        1.8226e+01  1.8342e+01  1.8201e+01  1.8213e+01
L_tip                     -3.6034e+00 -3.6251e+00 -3.5992e+00 -3.6014e+00
recruitment_decay          8.3423e+00  8.3942e+00  8.3170e+00  8.2534e+00
                                 eps
lma                       1.1677e+00
rho                       9.0034e-01
hmat                      1.1372e+00
omega                     1.9393e-02
theta                     6.8159e-01
a_l1                      1.4223e-01
a_l2                      5.6595e-01
a_r1                      3.6667e-01
a_b1                      1.2823e-01
r_s                       8.0032e-02
r_b                       2.7211e-02
r_r                       1.5213e-01
r_l                       9.2825e-01
a_y                       1.1064e+00
a_bio                     1.1064e+00
k_l                       3.7739e-02
k_b                       2.4045e-02
k_s                       1.4144e-01
k_r                       4.0879e-02
a_f3                              NA
a_f1                      1.1290e-02
a_f2                      5.3252e-02
S_D                               NA
a_d0                      4.8306e-04
d_I                       3.0942e-03
a_dG1                     1.6342e-01
a_dG2                     8.0997e-02
a_st1                     1.0379e-01
a_st2                     3.6105e-02
a_st3                     2.5458e-04
storage_relaxation_offset 3.7655e-02
k_I                       3.1866e-01
vcmax_25                  7.2731e-01
stem_P50                  8.6401e-01
K_s                       2.2655e-01
stem_c                    1.6510e-01
TF24_beta2                4.0968e-01
TF24_cost_scale           2.7918e-01
TF24_floor_lambda_o       4.3402e-06
jmax_25                   8.1793e-01
a                         2.8142e-01
curv_fact_elec_trans      3.8098e-01
curv_fact_colim           8.3336e+00
R_d_25                    1.5036e-01
root_c                    1.5653e-02
root_P50                  1.9545e-02
rooting_depth_max         3.0812e-02
D_c                       4.2472e-01
L_tip                     8.6938e-02
recruitment_decay         2.1698e-01

== the invader's row, d e_k / d ln lma
lma at D = 0.01: chord -192.6165, second difference -196.5078, 2 (ln J)'' - chord -200.3991
lma at D = 0.03: chord -182.7977, second difference -185.7386, 2 (ln J)'' - chord -188.6796
S6 (lma's chord within eps/3 of the second difference at 1e-2): 1.01 eps, fails
S7 (1e-2 against 3e-2): fails (largest 5.49 eps, a_l1): lma 2.56, rho 1.91, omega 5.43, theta 2.21, a_l1 5.49, a_l2 2.17, a_r1 1.83, a_b1 1.78, r_s 0.63, r_b 0.63, r_r 2.23, r_l 2.09, a_y 2.73, a_bio 2.73, k_l 2.09, k_b 0.63, k_s 0.63, k_r 2.23, a_f2 0.72, a_d0 2.23, a_dG1 0.47, a_st1 1.66, a_st2 2.01, a_st3 5.42, storage_relaxation_offset 0.46, k_I 2.77, vcmax_25 1.86, stem_P50 1.81, K_s 1.04, stem_c 2.46, TF24_beta2 2.19, TF24_cost_scale 1.93, TF24_floor_lambda_o 2.49, jmax_25 2.62, a 2.77, curv_fact_elec_trans 2.70, curv_fact_colim 2.25, R_d_25 2.42, root_c 2.16, root_P50 1.94, rooting_depth_max 0.72, D_c 0.74, L_tip 0.98 
S8 (gm against G0 at 1e-2): fails (largest 3.21 eps, a_d0): a_d0 3.21
S8 (gp against G0 at 1e-2): fails (largest 1.13 eps, a_d0): a_d0 1.13, root_P50 0.72
                                 D1e2        D3e2          gm          gp
lma                       -1.9262e+02 -1.8280e+02 -1.9275e+02 -1.9263e+02
rho                       -7.7490e+01 -7.3274e+01 -7.7541e+01 -7.7465e+01
hmat                      -5.7684e+01 -5.8198e+01 -5.7675e+01 -5.7675e+01
omega                      2.6095e+00  2.2310e+00  2.6130e+00  2.6060e+00
theta                     -5.0216e+01 -4.6634e+01 -5.0258e+01 -5.0180e+01
a_l1                       8.8149e+00  7.5362e+00  8.8254e+00  8.8028e+00
a_l2                       4.2134e+01  3.9288e+01  4.2175e+01  4.2136e+01
a_r1                       4.9077e+01  4.7094e+01  4.9107e+01  4.9105e+01
a_b1                      -1.2414e+01 -1.1819e+01 -1.2421e+01 -1.2410e+01
r_s                       -9.2746e+00 -9.1443e+00 -9.2749e+00 -9.2715e+00
r_b                       -3.1534e+00 -3.1090e+00 -3.1535e+00 -3.1523e+00
r_r                       -2.2291e+01 -2.1213e+01 -2.2306e+01 -2.2296e+01
r_l                       -1.5757e+02 -1.5134e+02 -1.5767e+02 -1.5760e+02
a_y                        1.0886e+02  1.0061e+02  1.0895e+02  1.0882e+02
a_bio                      1.0886e+02  1.0061e+02  1.0895e+02  1.0882e+02
k_l                       -6.4062e+00 -6.1529e+00 -6.4101e+00 -6.4075e+00
k_b                       -2.7865e+00 -2.7473e+00 -2.7865e+00 -2.7855e+00
k_s                       -1.6391e+01 -1.6161e+01 -1.6391e+01 -1.6386e+01
k_r                       -5.9897e+00 -5.7000e+00 -5.9938e+00 -5.9910e+00
a_f3                      -5.5511e-14  7.7716e-14 -7.7716e-14  2.1649e-13
a_f1                       1.0314e+00  1.0318e+00  1.0306e+00  1.0289e+00
a_f2                      -1.1468e+00 -1.2077e+00 -1.1467e+00 -1.1479e+00
S_D                        6.6613e-14 -3.7007e-15 -1.1102e-14  1.1102e-14
a_d0                      -5.5020e-03 -4.7589e-03 -4.4332e-03 -5.1256e-03
d_I                       -2.2091e-01 -2.2122e-01 -2.2087e-01 -2.2088e-01
a_dG1                     -1.1672e+01 -1.1783e+01 -1.1672e+01 -1.1672e+01
a_dG2                      8.6901e+00  8.7492e+00  8.6903e+00  8.6903e+00
a_st1                     -1.3281e+00 -1.0768e+00 -1.3311e+00 -1.3272e+00
a_st2                      5.5587e-02  1.6556e-01  5.3914e-02  5.5705e-02
a_st3                      2.0389e-02  1.6781e-02  2.0403e-02  2.0362e-02
storage_relaxation_offset  3.4967e+00  3.5303e+00  3.4964e+00  3.4967e+00
k_I                        6.7869e+01  6.4015e+01  6.7927e+01  6.7871e+01
vcmax_25                   7.0239e+01  6.6955e+01  7.0275e+01  7.0260e+01
stem_P50                   1.2477e+02  1.1988e+02  1.2485e+02  1.2488e+02
K_s                        2.7274e+01  2.6640e+01  2.7284e+01  2.7285e+01
stem_c                     1.4758e+01  1.3723e+01  1.4746e+01  1.4652e+01
TF24_beta2                 5.6957e+01  5.4218e+01  5.6989e+01  5.6943e+01
TF24_cost_scale           -4.4694e+01 -4.2851e+01 -4.4740e+01 -4.4781e+01
TF24_floor_lambda_o       -6.4894e-04 -6.1302e-04 -6.4943e-04 -6.4903e-04
jmax_25                    1.2021e+02  1.1330e+02  1.2032e+02  1.2023e+02
a                          6.7869e+01  6.4015e+01  6.7927e+01  6.7871e+01
curv_fact_elec_trans       7.1224e+01  6.7176e+01  7.1286e+01  7.1235e+01
curv_fact_colim            9.9601e+02  9.4472e+02  9.9678e+02  9.9626e+02
R_d_25                    -2.2563e+01 -2.1381e+01 -2.2580e+01 -2.2567e+01
root_c                     1.2093e+00  1.1396e+00  1.2115e+00  1.2046e+00
root_P50                   2.7088e+00  2.5975e+00  2.7130e+00  2.7503e+00
rooting_depth_max         -6.4303e-01 -6.1768e-01 -6.4657e-01 -6.3785e-01
D_c                        4.8760e+01  4.7941e+01  4.8768e+01  4.8767e+01
L_tip                     -1.0377e+01 -1.0150e+01 -1.0381e+01 -1.0381e+01
recruitment_decay          5.1047e+00  5.0331e+00  5.1076e+00  5.1051e+00
                                 eps
lma                       3.8345e+00
rho                       2.2118e+00
hmat                      1.8179e+00
omega                     6.9739e-02
theta                     1.6197e+00
a_l1                      2.3297e-01
a_l2                      1.3134e+00
a_r1                      1.0842e+00
a_b1                      3.3374e-01
r_s                       2.0659e-01
r_b                       7.0240e-02
r_r                       4.8386e-01
r_l                       2.9787e+00
a_y                       3.0163e+00
a_bio                     3.0163e+00
k_l                       1.2110e-01
k_b                       6.2067e-02
k_s                       3.6510e-01
k_r                       1.3002e-01
a_f3                              NA
a_f1                      2.0806e-02
a_f2                      8.4138e-02
S_D                               NA
a_d0                      3.3300e-04
d_I                       3.0034e-03
a_dG1                     2.3541e-01
a_dG2                     1.9746e-01
a_st1                     1.5137e-01
a_st2                     5.4715e-02
a_st3                     6.6586e-04
storage_relaxation_offset 7.3610e-02
k_I                       1.3893e+00
vcmax_25                  1.7617e+00
stem_P50                  2.7075e+00
K_s                       6.0949e-01
stem_c                    4.2028e-01
TF24_beta2                1.2515e+00
TF24_cost_scale           9.5683e-01
TF24_floor_lambda_o       1.4439e-05
jmax_25                   2.6436e+00
a                         1.3893e+00
curv_fact_elec_trans      1.4981e+00
curv_fact_colim           2.2770e+01
R_d_25                    4.8831e-01
root_c                    3.2281e-02
root_P50                  5.7378e-02
rooting_depth_max         3.4982e-02
D_c                       1.1035e+00
L_tip                     2.3230e-01
recruitment_decay         2.2290e-01

== the selection's row, d e_k / d ln lma
S7 (1e-2 against 3e-2): fails (largest 1.03 eps, a_d0): a_d0 1.03, rooting_depth_max 0.87 
S8 (gm against G0 at 1e-2): fails (largest 2.93 eps, a_d0): a_d0 2.93
S8 (gp against G0 at 1e-2): fails (largest 0.35 eps, root_P50): root_P50 0.35
                                 D1e2        D3e2          gm          gp
lma                       -9.1290e+01 -9.2090e+01 -9.1378e+01 -9.1449e+01
rho                       -3.2102e+01 -3.2295e+01 -3.2148e+01 -3.2191e+01
hmat                      -3.3780e+01 -3.3941e+01 -3.3835e+01 -3.3785e+01
omega                      8.0959e-01  8.1888e-01  8.1192e-01  8.1546e-01
theta                     -1.9136e+01 -1.9219e+01 -1.9148e+01 -1.9202e+01
a_l1                       2.6797e+00  2.7135e+00  2.6892e+00  2.6994e+00
a_l2                       1.5055e+01  1.5076e+01  1.5045e+01  1.5091e+01
a_r1                       2.5146e+01  2.5335e+01  2.5177e+01  2.5178e+01
a_b1                      -4.9290e+00 -4.9634e+00 -4.9379e+00 -4.9428e+00
r_s                       -4.3713e+00 -4.4160e+00 -4.3851e+00 -4.3818e+00
r_b                       -1.4862e+00 -1.5014e+00 -1.4909e+00 -1.4898e+00
r_r                       -9.1111e+00 -9.1862e+00 -9.1223e+00 -9.1285e+00
r_l                       -7.7694e+01 -7.8378e+01 -7.7764e+01 -7.7800e+01
a_y                        4.2936e+01  4.3206e+01  4.2985e+01  4.3072e+01
a_bio                      4.2936e+01  4.3206e+01  4.2985e+01  4.3072e+01
k_l                       -3.1587e+00 -3.1865e+00 -3.1616e+00 -3.1630e+00
k_b                       -1.3133e+00 -1.3267e+00 -1.3175e+00 -1.3165e+00
k_s                       -7.7253e+00 -7.8044e+00 -7.7498e+00 -7.7439e+00
k_r                       -2.4482e+00 -2.4684e+00 -2.4512e+00 -2.4529e+00
a_f3                       8.8818e-14 -9.2519e-15 -1.3323e-13 -2.1094e-13
a_f1                       6.6423e-01  6.6779e-01  6.6634e-01  6.6381e-01
a_f2                      -5.7897e-01 -5.8826e-01 -5.7961e-01 -5.7903e-01
S_D                       -2.2204e-14 -7.4015e-15 -2.7756e-14 -3.8858e-14
a_d0                      -2.2145e-03 -2.5568e-03 -3.1890e-03 -2.3174e-03
d_I                       -1.3042e-01 -1.3121e-01 -1.3045e-01 -1.3046e-01
a_dG1                      3.2198e-01  2.6292e-01  3.2281e-01  3.2181e-01
a_dG2                      8.7292e-01  8.7190e-01  8.7486e-01  8.7324e-01
a_st1                     -2.5506e+00 -2.5511e+00 -2.5491e+00 -2.5550e+00
a_st2                     -4.9824e-01 -4.9958e-01 -4.9751e-01 -4.9929e-01
a_st3                      2.7067e-03  2.8278e-03  2.7570e-03  2.7616e-03
storage_relaxation_offset  3.2941e-01  3.1472e-01  3.3042e-01  3.2950e-01
k_I                        1.9437e+01  1.9613e+01  1.9439e+01  1.9487e+01
vcmax_25                   4.1480e+01  4.1788e+01  4.1545e+01  4.1543e+01
stem_P50                   4.9715e+01  5.0110e+01  4.9820e+01  4.9786e+01
K_s                        1.2966e+01  1.3076e+01  1.3000e+01  1.2989e+01
stem_c                     1.1874e+01  1.2008e+01  1.1903e+01  1.1947e+01
TF24_beta2                 2.5142e+01  2.5359e+01  2.5187e+01  2.5205e+01
TF24_cost_scale           -1.7242e+01 -1.7362e+01 -1.7253e+01 -1.7240e+01
TF24_floor_lambda_o       -2.8337e-04 -2.8562e-04 -2.8362e-04 -2.8390e-04
jmax_25                    4.9964e+01  5.0357e+01  4.9984e+01  5.0055e+01
a                          1.9437e+01  1.9613e+01  1.9439e+01  1.9487e+01
curv_fact_elec_trans       2.4752e+01  2.4958e+01  2.4757e+01  2.4804e+01
curv_fact_colim            4.8328e+02  4.8694e+02  4.8365e+02  4.8402e+02
R_d_25                    -9.1770e+00 -9.2513e+00 -9.1850e+00 -9.1945e+00
root_c                     7.0114e-01  7.0870e-01  7.0476e-01  7.0502e-01
root_P50                   5.5058e-01  5.3869e-01  5.3719e-01  5.3074e-01
rooting_depth_max         -1.0708e+00 -1.1013e+00 -1.0738e+00 -1.0723e+00
D_c                        2.3794e+01  2.4015e+01  2.3871e+01  2.3846e+01
L_tip                     -4.9559e+00 -4.9985e+00 -4.9695e+00 -4.9651e+00
recruitment_decay          3.1923e+00  3.1508e+00  3.1878e+00  3.1932e+00
                                 eps
lma                       3.8345e+00
rho                       2.2118e+00
hmat                      1.8179e+00
omega                     6.9739e-02
theta                     1.6197e+00
a_l1                      2.3297e-01
a_l2                      1.3134e+00
a_r1                      1.0842e+00
a_b1                      3.3374e-01
r_s                       2.0659e-01
r_b                       7.0240e-02
r_r                       4.8386e-01
r_l                       2.9787e+00
a_y                       3.0163e+00
a_bio                     3.0163e+00
k_l                       1.2110e-01
k_b                       6.2067e-02
k_s                       3.6510e-01
k_r                       1.3002e-01
a_f3                              NA
a_f1                      2.0806e-02
a_f2                      8.4138e-02
S_D                               NA
a_d0                      3.3300e-04
d_I                       3.0034e-03
a_dG1                     2.3541e-01
a_dG2                     1.9746e-01
a_st1                     1.5137e-01
a_st2                     5.4715e-02
a_st3                     6.6586e-04
storage_relaxation_offset 7.3610e-02
k_I                       1.3893e+00
vcmax_25                  1.7617e+00
stem_P50                  2.7075e+00
K_s                       6.0949e-01
stem_c                    4.2028e-01
TF24_beta2                1.2515e+00
TF24_cost_scale           9.5683e-01
TF24_floor_lambda_o       1.4439e-05
jmax_25                   2.6436e+00
a                         1.3893e+00
curv_fact_elec_trans      1.4981e+00
curv_fact_colim           2.2770e+01
R_d_25                    4.8831e-01
root_c                    3.2281e-02
root_P50                  5.7378e-02
rooting_depth_max         3.4982e-02
D_c                       1.1035e+00
L_tip                     2.3230e-01
recruitment_decay         2.2290e-01

The invader at theta0 against the stand on G0: ln J' - ln J = 6.974e-05
grid g0: 14844 steps, 9247 node steps split, J 12.6687371696
grid gm: 14933 steps, 9246 node steps split, J 12.6687300741
grid gp: 14718 steps, 9247 node steps split, J 12.6686480261
