# final.R on the ninth extension's scans, the build as registered (odelia d08db1a with scan2_probe.patch)
r = 0: 9239 node steps split, 7 whose scan disagrees, 7 with more changes than cuts
      t     h  p cuts changes u_first  u_last          v0         v1
1  7063 1.000 23    0       2 0.03125 0.18750 0.035139362  8.5670491
2  8536 1.000 49    0       2 0.09375 0.18750 0.007292819  0.5197957
3  8684 1.000  4    0       2 0.03125 0.18750 0.022837989 33.2742175
4  8684 1.000  5    0       2 0.03125 0.18750 0.153513086 33.0732533
5  8684 1.000  6    0       2 0.06250 0.15625 0.282333113 32.8700903
6 10119 0.867 58    0       2 0.06250 0.09375 0.004309952  1.0371338
7 12298 1.000 49    0       2 0.03125 0.12500 0.066919675 26.2675311
          other
1 -0.0526594513
2 -0.0009463588
3 -0.3795675366
4 -0.2449150019
5 -0.1121133913
6 -0.0004496615
7 -0.0957260064
  node 5 on day 8684: not split
r = -1e-3: 9248 node steps split, 6 whose scan disagrees, 6 with more changes than cuts
      t     h  p cuts changes u_first  u_last          v0         v1
1  8536 1.000 49    0       2 0.06250 0.21875 0.004828708  0.5216201
2  8569 1.000 28    0       2 0.06250 0.18750 0.102203405 14.2933756
3  8684 1.000  5    0       2 0.03125 0.18750 0.104898491 33.1378213
4  8684 1.000  6    0       2 0.06250 0.15625 0.233659281 32.9349287
5  8684 1.000  7    0       2 0.09375 0.15625 0.365075411 32.7226335
6 10119 0.867 58    0       2 0.03125 0.12500 0.001149951  1.0412680
         other
1 -0.003465461
2 -0.081730440
3 -0.295060151
4 -0.162320279
5 -0.026780301
6 -0.003640470
  node 5 on day 8684: 1 cut(s) at u = 0.1815
S1 (no pair missed at r = 0): fails (7)
the timed runs and the record: not run here
