R1 (|ln J - ln J_prev| at most 1e-8 on the pinned program): J 12.668736189484 against 12.668736220509, -2.45e-09, holds
R2 at 1e-3 (under a tenth of 1.03e-04): J 12.6673832435 against 12.6673834720, -1.80e-08, holds; steps 10999 against 10999
R2 at 3e-4 (under a tenth of 2.05e-05): J 12.6684324479 against 12.6684327313, -2.24e-08, holds; steps 12751 against 12751
r = 0: J 12.6687361895; elasticity in lma: swept -8.276268316, differenced -8.276000631, -2.68e-04 (+3.23e-05 of it)
r = 0.001: J 12.5640855692; elasticity in lma: swept -8.321815789, differenced -8.321833448, +1.77e-05 (-2.12e-06 of it)
S4 (within 2e-3 at r = 0 and 1e-3): largest 2.68e-04, holds
S5 (the sweep at most 6% over plain's): split 281.3, 291.6, 277.9 s, plain 258.9, 272.1, 267.7 s: +6.5%, neither
F (the forward at most 4% over plain's): split 81.3, 83.4 s, plain 76.2, 78.4 s: +6.5%, fails
node steps split 9247 against PREV's 9247
elasticities, split against plain:
  1.lma                        -8.276268 -8.266756 -9.51e-03
  1.rho                        -6.084779 -6.082449 -2.33e-03
  1.hmat                       -9.060262 -9.059458 -8.04e-04
  1.omega                      -0.290892 -0.291190 +2.98e-04
  1.theta                      -3.736398 -3.736420 +2.22e-05
  1.a_l1                       +1.512705 +1.515571 -2.87e-03
  1.a_l2                       +1.771050 +1.772232 -1.18e-03
  1.a_r1                       +2.430534 +2.427734 +2.80e-03
  1.a_b1                       -1.091575 -1.090821 -7.53e-04
  1.r_s                        -1.144756 -1.144224 -5.32e-04
  1.r_b                        -0.389217 -0.389036 -1.81e-04
  1.r_r                        -1.316509 -1.315358 -1.15e-03
  1.r_l                        -7.983393 -7.976409 -6.98e-03
  1.a_y                        +6.262537 +6.257982 +4.55e-03
  1.a_bio                      +6.262537 +6.257982 +4.55e-03
  1.k_l                        -0.324572 -0.324288 -2.84e-04
  1.k_b                        -0.343930 -0.343770 -1.60e-04
  1.k_s                        -2.023119 -2.022178 -9.40e-04
  1.k_r                        -0.353753 -0.353444 -3.09e-04
  1.a_f3                       -0.750000 -0.750000 +4.44e-16
  1.a_f1                       +0.576763 +0.576725 +3.80e-05
  1.a_f2                       -0.002088 -0.002088 -3.39e-07
  1.S_D                        +1.000000 +1.000000 +0.00e+00
  1.a_d0                       +0.008881 +0.008897 -1.59e-05
  1.d_I                        -0.019794 -0.019629 -1.65e-04
  1.a_dG1                      -0.303686 -0.292356 -1.13e-02
  1.a_dG2                      +1.054932 +1.051306 +3.63e-03
  1.a_st1                      +0.283067 +0.280745 +2.32e-03
  1.a_st2                      +0.088518 +0.087885 +6.33e-04
  1.a_st3                      -0.002664 -0.002672 +7.99e-06
  1.storage_relaxation_offset  -0.016632 -0.018818 +2.19e-03
  1.k_I                        +1.809743 +1.807320 +2.42e-03
  1.vcmax_25                   +6.235772 +6.232905 +2.87e-03
  1.stem_P50                   +7.318267 +7.310239 +8.03e-03
  1.K_s                        +2.348381 +2.346029 +2.35e-03
  1.stem_c                     +1.317671 +1.318098 -4.27e-04
  1.TF24_beta2                 +3.311346 +3.308989 +2.36e-03
  1.TF24_cost_scale            -2.481296 -2.478635 -2.66e-03
  1.TF24_floor_lambda_o        -0.000020 -0.000020 -3.81e-08
  1.jmax_25                    +4.605455 +4.599435 +6.02e-03
  1.a                          +1.164629 +1.161315 +3.31e-03
  1.curv_fact_elec_trans       +1.951550 +1.948060 +3.49e-03
  1.curv_fact_colim            +60.228889 +60.182467 +4.64e-02
  1.R_d_25                     -1.059309 -1.058244 -1.07e-03
  1.root_c                     +0.194305 +0.193916 +3.89e-04
  1.root_P50                   -0.370251 -0.369096 -1.16e-03
  1.rooting_depth_max          +0.234205 +0.233818 +3.87e-04
  1.D_c                        +4.889348 +4.884811 +4.54e-03
  1.L_tip                      -0.921168 -0.920230 -9.38e-04
  1.recruitment_decay          +5.249600 +5.256934 -7.33e-03
