sub m=3: change at ln theta -9.579540e-03, jump -1.765e-10, (step*1000+node) 18012
sub m=3: change at ln theta -8.903607e-03, jump -7.215e-14, (step*1000+node) 163001
sub m=3: change at ln theta -7.836304e-03, jump 6.124e-08, (step*1000+node) 145023
sub m=3: change at ln theta -6.959810e-03, jump -2.069e-10, (step*1000+node) 16021
sub m=3: change at ln theta -5.673943e-03, jump 3.942e-12, (step*1000+node) 108005
sub m=3: change at ln theta -5.216886e-03, jump 1.824e-12, (step*1000+node) 71016
sub m=3: change at ln theta -4.883531e-03, jump -5.414e-11, (step*1000+node) 17012
sub m=3: change at ln theta -4.351409e-03, jump 2.358e-12, (step*1000+node) 70001
sub m=3: change at ln theta -3.165603e-03, jump 4.493e-09, (step*1000+node) 94002
sub m=3: change at ln theta -2.522348e-03, jump -6.912e-11, (step*1000+node) 15021
sub m=3: change at ln theta -2.496861e-03, jump -1.542e-13, (step*1000+node) 73011
sub m=3: change at ln theta -6.949685e-04, jump 3.552e-09, (step*1000+node) 79010
sub m=3: change at ln theta 9.471564e-04, jump 3.201e-09, (step*1000+node) 127011
sub m=3: change at ln theta 1.662295e-03, jump 1.384e-08, (step*1000+node) 195009
sub m=3: change at ln theta 2.006777e-03, jump -1.627e-10, (step*1000+node) 16024
sub m=3: change at ln theta 3.190168e-03, jump 2.307e-12, (step*1000+node) 55006
sub m=3: change at ln theta 3.600031e-03, jump 1.309e-09, (step*1000+node) 152001
sub m=3: change at ln theta 4.393052e-03, jump 4.311e-09, (step*1000+node) 99020
sub m=3: change at ln theta 5.139053e-03, jump 2.724e-15, (step*1000+node) 145008
sub m=3: change at ln theta 6.444131e-03, jump -5.207e-11, (step*1000+node) 15024
sub m=3: change at ln theta 6.559408e-03, jump 2.748e-08, (step*1000+node) 144019
sub m=3: change at ln theta 7.707914e-03, jump -4.929e-08, (step*1000+node) 200012
sub m=3: change at ln theta 8.182213e-03, jump 1.886e-08, (step*1000+node) 195011
sub m=3: change at ln theta 8.820635e-03, jump -7.083e-09, (step*1000+node) 106008
sub m=3: 24 changes over ln theta in [-1e-2, 1e-2]; largest |jump| 6.124e-08
