tol 9.5e-05 plain steps 2373 lnJ 6.9552592219 grad -1.920720 curv -1.390 -1.408 -1.414 treated 0
tol 9.5e-05 sub2  steps 2373 lnJ 6.9552602382 grad -1.920819 curv -1.420 -1.413 -1.417 treated 630
tol 9.5e-05 sub3  steps 2373 lnJ 6.9552603462 grad -1.920867 curv -1.413 -1.415 -1.417 treated 630
tol 9.5e-05 sub4  steps 2373 lnJ 6.9552603708 grad -1.920840 curv -1.400 -1.413 -1.418 treated 630
tol 9.5e-05 sub8  steps 2373 lnJ 6.9552603549 grad -1.920808 curv -1.408 -1.413 -1.418 treated 630
tol 9.5e-05 cut   steps 2373 lnJ 6.9552603554 grad -1.921059 curv -1.408 -1.413 -1.418 treated 568
tol 9.667e-05 plain steps 2521 lnJ 6.9543954715 grad -1.921606 curv -1.428 -1.404 -1.415 treated 0
tol 9.667e-05 sub2  steps 2521 lnJ 6.9543963454 grad -1.921625 curv -1.396 -1.411 -1.418 treated 620
tol 9.667e-05 sub3  steps 2521 lnJ 6.9543964209 grad -1.921637 curv -1.426 -1.415 -1.418 treated 620
tol 9.667e-05 sub4  steps 2521 lnJ 6.9543962407 grad -1.921646 curv -1.411 -1.411 -1.417 treated 620
tol 9.667e-05 sub8  steps 2521 lnJ 6.9543962571 grad -1.921633 curv -1.409 -1.412 -1.417 treated 620
tol 9.667e-05 cut   steps 2521 lnJ 6.9543962525 grad -1.921635 curv -1.412 -1.412 -1.417 treated 568
tol 9.833e-05 plain steps 2388 lnJ 6.9543717691 grad -1.921418 curv -1.415 -1.419 -1.418 treated 0
tol 9.833e-05 sub2  steps 2388 lnJ 6.9543711164 grad -1.921386 curv -1.407 -1.411 -1.419 treated 614
tol 9.833e-05 sub3  steps 2388 lnJ 6.9543711573 grad -1.921460 curv -1.409 -1.413 -1.419 treated 614
tol 9.833e-05 sub4  steps 2388 lnJ 6.9543712794 grad -1.921463 curv -1.419 -1.417 -1.419 treated 614
tol 9.833e-05 sub8  steps 2388 lnJ 6.9543711900 grad -1.921469 curv -1.408 -1.415 -1.419 treated 614
tol 9.833e-05 cut   steps 2388 lnJ 6.9543712380 grad -1.921449 curv -1.412 -1.415 -1.419 treated 568
tol 0.0001 plain steps 2341 lnJ 6.9527039296 grad -1.921946 curv -1.409 -1.409 -1.410 treated 0
tol 0.0001 sub2  steps 2341 lnJ 6.9527035980 grad -1.921961 curv -1.444 -1.422 -1.413 treated 628
tol 0.0001 sub3  steps 2341 lnJ 6.9527034880 grad -1.922018 curv -1.437 -1.421 -1.413 treated 628
tol 0.0001 sub4  steps 2341 lnJ 6.9527033141 grad -1.921916 curv -1.424 -1.415 -1.413 treated 628
tol 0.0001 sub8  steps 2341 lnJ 6.9527033605 grad -1.921957 curv -1.428 -1.417 -1.413 treated 628
tol 0.0001 cut   steps 2341 lnJ 6.9527033594 grad -1.921960 curv -1.421 -1.417 -1.412 treated 568
tol 0.0001017 plain steps 2365 lnJ 6.9542241199 grad -1.921721 curv -1.409 -1.408 -1.414 treated 0
tol 0.0001017 sub2  steps 2365 lnJ 6.9542236714 grad -1.921698 curv -1.407 -1.407 -1.414 treated 623
tol 0.0001017 sub3  steps 2365 lnJ 6.9542238606 grad -1.921783 curv -1.412 -1.411 -1.414 treated 623
tol 0.0001017 sub4  steps 2365 lnJ 6.9542238098 grad -1.921762 curv -1.401 -1.410 -1.414 treated 623
tol 0.0001017 sub8  steps 2365 lnJ 6.9542238035 grad -1.921756 curv -1.407 -1.410 -1.414 treated 623
tol 0.0001017 cut   steps 2365 lnJ 6.9542239203 grad -1.921729 curv -1.406 -1.410 -1.414 treated 568
tol 0.0001033 plain steps 2462 lnJ 6.9546161695 grad -1.921368 curv -1.427 -1.414 -1.416 treated 0
tol 0.0001033 sub2  steps 2462 lnJ 6.9546159588 grad -1.921456 curv -1.431 -1.416 -1.417 treated 617
tol 0.0001033 sub3  steps 2462 lnJ 6.9546159510 grad -1.921480 curv -1.412 -1.413 -1.416 treated 617
tol 0.0001033 sub4  steps 2462 lnJ 6.9546161714 grad -1.921474 curv -1.416 -1.415 -1.417 treated 617
tol 0.0001033 sub8  steps 2462 lnJ 6.9546161140 grad -1.921502 curv -1.420 -1.414 -1.417 treated 617
tol 0.0001033 cut   steps 2462 lnJ 6.9546160970 grad -1.921485 curv -1.411 -1.414 -1.417 treated 568
tol 0.000105 plain steps 2238 lnJ 6.9541015361 grad -1.921546 curv -1.403 -1.405 -1.414 treated 0
tol 0.000105 sub2  steps 2238 lnJ 6.9541032165 grad -1.921403 curv -1.411 -1.417 -1.418 treated 621
tol 0.000105 sub3  steps 2238 lnJ 6.9541032146 grad -1.921426 curv -1.420 -1.418 -1.417 treated 621
tol 0.000105 sub4  steps 2238 lnJ 6.9541028131 grad -1.921439 curv -1.411 -1.409 -1.416 treated 621
tol 0.000105 sub8  steps 2238 lnJ 6.9541029351 grad -1.921448 curv -1.418 -1.413 -1.417 treated 621
tol 0.000105 cut   steps 2238 lnJ 6.9541029255 grad -1.921457 curv -1.415 -1.413 -1.416 treated 568
