held_3e-5_s3e-5.rds: 6076 steps; total uptake by layer 11.82 1.068 0.3309 0.1221 0.03415 (sum 13.38); held - true... the stages' defect (true - held) by layer 0.3608 0.01427 0.004292 0.001582 0.0004409 (sum 0.3814, 0.0285 of the uptake)
by rain at the step's middle:
     steps  days uptake  defect abs_defect defect_l1 defect_l5
dry   3001 12399  11.10  0.4138     0.4237    0.3910  4.90e-04
rain  3075  2201   2.27 -0.0325     0.0344   -0.0302 -4.91e-05
by time since the last rain onset:
        steps days uptake  defect abs_defect defect_l1 defect_l5
<1 d     1794 1116   1.14 -0.0267     0.0273   -0.0249 -4.05e-05
1-3 d    1448 3305   3.43  0.0428     0.0555    0.0400  6.17e-05
3-10 d   1004 3381   3.74  0.0553     0.0557    0.0517  8.00e-05
10-30 d   769 3455   3.52  0.1871     0.1872    0.1745  2.74e-04
>30 d    1052 3331   1.54  0.1229     0.1324    0.1196  6.59e-05
by five-year window:
        steps days uptake defect abs_defect defect_l1 defect_l5
[0,5)     622 1825  0.725 0.0237     0.0274    0.0221  3.43e-05
[5,10)    772 1825  1.936 0.0767     0.0960    0.0728  8.08e-05
[10,15)   753 1825  1.499 0.0412     0.0466    0.0390  4.83e-05
[15,20)   840 1825  2.275 0.0699     0.0855    0.0658  8.88e-05
[20,25)   823 1826  1.809 0.0473     0.0557    0.0445  6.11e-05
[25,30)   808 1824  1.861 0.0487     0.0594    0.0463  5.13e-05
[30,35)   744 1830  1.757 0.0425     0.0505    0.0401  5.12e-05
[35,40)   714 1820  1.515 0.0313     0.0370    0.0301  2.52e-05
step length: median 1 d, mean 2.4 d; defect per step / uptake per step: median 0.00116

stagelind_3e-5_s3e-5.rds: 6137 steps; total uptake by layer 11.13 1.018 0.3149 0.1162 0.0325 (sum 12.61); held - true... the stages' defect (true - held) by layer 0.03289 -2.403e-05 -4.537e-05 -1.899e-05 -5.106e-06 (sum 0.0328, 0.0026 of the uptake)
by rain at the step's middle:
     steps  days uptake    defect abs_defect defect_l1 defect_l5
dry   3035 12399  10.46  0.032835    0.04409  3.29e-02 -4.58e-06
rain  3102  2201   2.15 -0.000036    0.00522 -1.49e-05 -5.30e-07
by time since the last rain onset:
        steps days uptake    defect abs_defect defect_l1 defect_l5
<1 d     1817 1116   1.08 -0.001224    0.00398  -0.00112 -2.26e-06
1-3 d    1448 3311   3.27  0.009600    0.00996   0.00896  1.37e-05
3-10 d   1010 3399   3.57  0.006843    0.00751   0.00643  8.77e-06
10-30 d   779 3411   3.28  0.017734    0.01993   0.01661  2.42e-05
>30 d    1074 3351   1.42 -0.000155    0.00794   0.00201 -4.95e-05
by five-year window:
        steps days uptake  defect abs_defect defect_l1 defect_l5
[0,5)     632 1825  0.686 0.00411    0.00447   0.00386  5.35e-06
[5,10)    786 1825  1.817 0.00385    0.00897   0.00419 -8.90e-06
[10,15)   756 1825  1.406 0.00463    0.00564   0.00454  1.71e-06
[15,20)   848 1825  2.139 0.00509    0.00863   0.00506  2.89e-07
[20,25)   829 1826  1.710 0.00346    0.00526   0.00343  7.03e-07
[25,30)   821 1824  1.765 0.00534    0.00726   0.00536 -5.87e-07
[30,35)   751 1831  1.660 0.00349    0.00488   0.00347  2.21e-07
[35,40)   714 1819  1.430 0.00282    0.00420   0.00299 -3.88e-06
step length: median 1 d, mean 2.38 d; defect per step / uptake per step: median 0.000409

stagelind_1e-6_s3e-5.rds: 10750 steps; total uptake by layer 11.13 1.018 0.315 0.1162 0.0325 (sum 12.62); held - true... the stages' defect (true - held) by layer 0.01678 -8.841e-05 -4.724e-05 -1.859e-05 -5.116e-06 (sum 0.01662, 0.00132 of the uptake)
by rain at the step's middle:
     steps  days uptake   defect abs_defect defect_l1 defect_l5
dry   6013 12399  10.46 0.016409    0.02101  0.016576 -5.24e-06
rain  4737  2201   2.15 0.000208    0.00244  0.000201  1.28e-07
by time since the last rain onset:
        steps days uptake    defect abs_defect defect_l1 defect_l5
<1 d     3038 1088   1.05 -4.50e-04    0.00174 -0.000413 -8.18e-07
1-3 d    1907 2361   2.31  2.99e-03    0.00307  0.002788  4.30e-06
3-10 d   1642 3827   4.02  4.81e-03    0.00511  0.004508  6.58e-06
10-30 d  1639 3829   3.74  9.24e-03    0.00987  0.008655  1.25e-05
>30 d    2513 3482   1.50  2.92e-05    0.00367  0.001239 -2.77e-05
by five-year window:
        steps days uptake  defect abs_defect defect_l1 defect_l5
[0,5)     854 1825  0.686 0.00241    0.00253   0.00226  3.12e-06
[5,10)   1385 1825  1.817 0.00239    0.00424   0.00255 -4.26e-06
[10,15)  1388 1825  1.407 0.00221    0.00273   0.00219  2.83e-07
[15,20)  1538 1825  2.140 0.00226    0.00355   0.00228 -6.14e-07
[20,25)  1505 1826  1.710 0.00173    0.00245   0.00172  8.51e-08
[25,30)  1542 1824  1.765 0.00219    0.00313   0.00225 -1.55e-06
[30,35)  1313 1827  1.656 0.00194    0.00263   0.00193  1.12e-07
[35,40)  1225 1823  1.434 0.00150    0.00220   0.00159 -2.30e-06
step length: median 1 d, mean 1.36 d; defect per step / uptake per step: median 0.000113

pc1d_3e-5_s3e-5.rds: 6121 steps; total uptake by layer 11.13 1.018 0.315 0.1163 0.03251 (sum 12.62); held - true... the stages' defect (true - held) by layer 0.02362 0.001261 0.0003914 0.000145 4.032e-05 (sum 0.02546, 0.00202 of the uptake)
by rain at the step's middle:
     steps  days uptake    defect abs_defect defect_l1 defect_l5
dry   3030 12399  10.46  0.025831    0.02584  0.023967  4.09e-05
rain  3091  2201   2.15 -0.000372    0.00038 -0.000346 -5.90e-07
by time since the last rain onset:
        steps days uptake    defect abs_defect defect_l1 defect_l5
<1 d     1805 1116   1.08 -0.000199   0.000206 -0.000184 -3.21e-07
1-3 d    1449 3306   3.27  0.001310   0.001657  0.001219  1.98e-06
3-10 d   1005 3401   3.58  0.001484   0.001484  0.001377  2.35e-06
10-30 d   785 3422   3.28  0.013158   0.013158  0.012233  2.03e-05
>30 d    1068 3343   1.41  0.009705   0.009712  0.008976  1.61e-05
by five-year window:
        steps days uptake  defect abs_defect defect_l1 defect_l5
[0,5)     630 1825  0.686 0.00124    0.00126   0.00115  1.86e-06
[5,10)    781 1825  1.817 0.00618    0.00662   0.00572  1.02e-05
[10,15)   749 1825  1.407 0.00228    0.00229   0.00212  3.49e-06
[15,20)   844 1825  2.140 0.00556    0.00569   0.00515  8.94e-06
[20,25)   828 1826  1.710 0.00297    0.00302   0.00276  4.66e-06
[25,30)   823 1824  1.765 0.00356    0.00362   0.00331  5.47e-06
[30,35)   753 1830  1.660 0.00224    0.00226   0.00208  3.49e-06
[35,40)   713 1820  1.430 0.00143    0.00145   0.00133  2.25e-06
step length: median 1 d, mean 2.39 d; defect per step / uptake per step: median 7.35e-08

pc1d_1e-5_s3e-5.rds: 7142 steps; total uptake by layer 11.13 1.018 0.315 0.1163 0.03251 (sum 12.62); held - true... the stages' defect (true - held) by layer 0.01802 0.0009586 0.0002974 0.0001102 3.064e-05 (sum 0.01941, 0.00154 of the uptake)
by rain at the step's middle:
     steps  days uptake   defect abs_defect defect_l1 defect_l5
dry   3680 12399  10.46  0.01963   0.019631  0.018213  3.10e-05
rain  3462  2201   2.15 -0.00021   0.000219 -0.000195 -3.37e-07
by time since the last rain onset:
        steps days uptake    defect abs_defect defect_l1 defect_l5
<1 d     2087 1111   1.08 -0.000125   0.000133 -0.000116 -2.04e-07
1-3 d    1549 3026   2.98  0.000909   0.001081  0.000846  1.39e-06
3-10 d   1142 3479   3.65  0.001315   0.001315  0.001221  2.05e-06
10-30 d   970 3625   3.51  0.010530   0.010530  0.009793  1.61e-05
>30 d    1384 3346   1.40  0.006785   0.006791  0.006274  1.13e-05
by five-year window:
        steps days uptake  defect abs_defect defect_l1 defect_l5
[0,5)     685 1825  0.686 0.00103    0.00104  0.000957  1.53e-06
[5,10)    928 1825  1.817 0.00481    0.00504  0.004449  7.89e-06
[10,15)   882 1825  1.407 0.00181    0.00182  0.001680  2.74e-06
[15,20)   996 1825  2.141 0.00399    0.00408  0.003698  6.44e-06
[20,25)   974 1826  1.710 0.00266    0.00269  0.002475  4.10e-06
[25,30)   982 1824  1.765 0.00219    0.00222  0.002036  3.40e-06
[30,35)   874 1830  1.659 0.00182    0.00184  0.001688  2.80e-06
[35,40)   821 1820  1.431 0.00111    0.00112  0.001035  1.74e-06
step length: median 1 d, mean 2.04 d; defect per step / uptake per step: median 1.34e-07

pc2_3e-5_s3e-5.rds: 6138 steps; total uptake by layer 11.14 1.018 0.3151 0.1163 0.03251 (sum 12.62); held - true... the stages' defect (true - held) by layer 0.00238 0.0001348 4.23e-05 1.573e-05 4.357e-06 (sum 0.002578, 0.000204 of the uptake)
by rain at the step's middle:
     steps  days uptake    defect abs_defect defect_l1 defect_l5
dry   3043 12399  10.47  2.60e-03   2.60e-03  2.40e-03  4.39e-06
rain  3095  2201   2.15 -1.82e-05   1.85e-05 -1.69e-05 -2.91e-08
by time since the last rain onset:
        steps days uptake    defect abs_defect defect_l1 defect_l5
<1 d     1808 1116   1.08 -5.20e-06   5.47e-06 -4.80e-06 -8.83e-09
1-3 d    1450 3304   3.26  1.16e-04   1.42e-04  1.08e-04  1.89e-07
3-10 d   1010 3403   3.58  1.17e-04   1.17e-04  1.08e-04  2.07e-07
10-30 d   793 3423   3.28  1.30e-03   1.30e-03  1.20e-03  2.15e-06
>30 d    1068 3341   1.41  1.05e-03   1.05e-03  9.70e-04  1.82e-06
by five-year window:
        steps days uptake   defect abs_defect defect_l1 defect_l5
[0,5)     631 1825  0.687 0.000102   0.000103  9.54e-05  1.53e-07
[5,10)    786 1825  1.818 0.000909   0.000938  8.37e-04  1.60e-06
[10,15)   756 1825  1.407 0.000169   0.000169  1.57e-04  2.63e-07
[15,20)   850 1825  2.141 0.000632   0.000637  5.83e-04  1.09e-06
[20,25)   826 1826  1.710 0.000265   0.000265  2.45e-04  4.32e-07
[25,30)   823 1824  1.766 0.000219   0.000222  2.03e-04  3.55e-07
[30,35)   755 1830  1.660 0.000173   0.000174  1.60e-04  2.83e-07
[35,40)   711 1820  1.430 0.000107   0.000108  9.95e-05  1.76e-07
step length: median 1 d, mean 2.38 d; defect per step / uptake per step: median 5.45e-12

exactx_3e-5_s3e-5.rds: 6133 steps; total uptake by layer 11.14 1.018 0.315 0.1163 0.03251 (sum 12.62); held - true... the stages' defect (true - held) by layer -0.0002616 -0.0002586 -8.244e-05 -3.058e-05 -8.539e-06 (sum -0.0006417, -5.09e-05 of the uptake)
by rain at the step's middle:
     steps  days uptake    defect abs_defect defect_l1 defect_l5
dry   3042 12399  10.46 -6.56e-04   1.44e-03 -2.75e-04 -8.56e-06
rain  3091  2201   2.15  1.45e-05   1.52e-05  1.36e-05  2.11e-08
by time since the last rain onset:
        steps days uptake    defect abs_defect defect_l1 defect_l5
<1 d     1801 1115   1.08  6.92e-06   7.35e-06  6.49e-06  9.63e-09
1-3 d    1452 3299   3.26 -7.67e-05   1.96e-04 -6.97e-05 -1.49e-07
3-10 d   1012 3407   3.58  1.43e-04   3.06e-04  1.36e-04  1.61e-07
10-30 d   792 3419   3.28 -2.15e-04   4.41e-04 -1.78e-04 -8.22e-07
>30 d    1067 3346   1.42 -5.00e-04   5.01e-04 -1.56e-04 -7.74e-06
by five-year window:
        steps days uptake    defect abs_defect defect_l1 defect_l5
[0,5)     631 1825  0.686 -8.37e-05   0.000103 -6.92e-05 -3.18e-07
[5,10)    778 1825  1.817 -1.52e-04   0.000236 -7.03e-05 -1.91e-06
[10,15)   756 1825  1.407 -1.07e-04   0.000187 -7.11e-05 -7.85e-07
[15,20)   851 1825  2.141 -7.03e-05   0.000193 -1.81e-05 -1.17e-06
[20,25)   830 1826  1.710 -5.72e-05   0.000188 -1.42e-05 -9.53e-07
[25,30)   825 1824  1.766 -6.53e-05   0.000225  1.50e-06 -1.48e-06
[30,35)   750 1831  1.660 -3.95e-05   0.000171 -4.52e-07 -8.64e-07
[35,40)   712 1819  1.430 -6.75e-05   0.000149 -1.98e-05 -1.06e-06
step length: median 1 d, mean 2.38 d; defect per step / uptake per step: median -3.87e-08

