plain steps 649 647 641 646 642 640 636 
            lnJ       e1        e2          e3
0.95 -0.3614173 4.644625 -3.529490 -0.09716804
0.97 -0.3615302 4.648641 -3.533551 -0.09720431
0.99 -0.3615125 4.649491 -3.534391 -0.09719073
1    -0.3615548 4.647114 -3.531968 -0.09721125
1.01 -0.3614750 4.643283 -3.528177 -0.09721785
1.03 -0.3614070 4.647740 -3.532607 -0.09718487
1.05 -0.3613111 4.647194 -3.532091 -0.09717133
smooth steps 649 647 636 641 636 635 640 
            lnJ       e1        e2          e3
0.95 -0.3614958 4.647457 -3.532342 -0.09717177
0.97 -0.3615464 4.648460 -3.533340 -0.09717847
0.99 -0.3615308 4.648609 -3.533491 -0.09717494
1    -0.3615799 4.647328 -3.532199 -0.09717943
1.01 -0.3614922 4.648346 -3.533243 -0.09718023
1.03 -0.3615317 4.647906 -3.532792 -0.09717354
1.05 -0.3614900 4.646869 -3.531728 -0.09717775
bracket steps 647 644 633 644 645 644 639 
            lnJ       e1        e2          e3
0.95 -0.3614547 4.646099 -3.530980 -0.09717627
0.97 -0.3614575 4.645898 -3.530775 -0.09717310
0.99 -0.3614479 4.646183 -3.531055 -0.09717765
1    -0.3614722 4.646140 -3.531008 -0.09717940
1.01 -0.3614671 4.646451 -3.531326 -0.09717891
1.03 -0.3614991 4.645943 -3.530811 -0.09717566
1.05 -0.3614212 4.645716 -3.530586 -0.09716817
split steps 646 638 642 642 641 641 641 
            lnJ       e1        e2          e3
0.95 -0.3613656 4.646820 -3.531708 -0.09717091
0.97 -0.3613741 4.646981 -3.531868 -0.09717900
0.99 -0.3614056 4.646997 -3.531883 -0.09717801
1    -0.3613971 4.647013 -3.531902 -0.09717616
1.01 -0.3614254 4.647012 -3.531900 -0.09717647
1.03 -0.3613350 4.646866 -3.531753 -0.09717682
1.05 -0.3613818 4.647054 -3.531944 -0.09717880
done
