share of slope's sum sq error in top 10 / 50 / 200 node-steps: 0.153 0.705 0.95 
relative error |Kslope-Kd|/|Kd|: median 0.00118  90% 0.241 
           t node   h_d ustar roots   s    Kd Kslope    Ke
6589 35.3871    1 0.372 0.375     1 113 0.617  0.310 0.510
6590 35.3871    2 0.372 0.375     1 113 0.620  0.314 0.513
6591 35.3871    3 0.372 0.375     1 113 0.624  0.319 0.518
6592 35.3871    4 0.372 0.375     1 112 0.627  0.324 0.522
6593 35.3871    5 0.372 0.375     1 112 0.630  0.327 0.525
6594 35.3871    6 0.372 0.375     1 112 0.633  0.330 0.528
6595 35.3871    7 0.372 0.375     1 111 0.636  0.333 0.530
6596 35.3871    8 0.372 0.375     1 111 0.638  0.336 0.533
6597 35.3871    9 0.372 0.375     1 111 0.640  0.339 0.535
6598 35.3871   10 0.372 0.375     1 111 0.642  0.341 0.537
6599 35.3871   11 0.372 0.375     1 111 0.643  0.343 0.538
6600 35.3871   12 0.372 0.375     1 111 0.645  0.345 0.540
                           P
6589 -76 -39 -13 22 37 34 37
6590 -76 -39 -13 22 37 34 37
6591 -76 -39 -13 22 37 34 37
6592 -75 -38 -13 22 37 34 37
6593 -75 -38 -13 22 37 34 37
6594 -75 -38 -13 22 37 34 37
6595 -75 -38 -13 22 37 34 37
6596 -75 -38 -13 22 37 34 37
6597 -74 -38 -13 22 37 34 37
6598 -74 -38 -13 22 37 34 37
6599 -74 -38 -13 22 37 34 37
6600 -74 -38 -13 22 37 34 37
one root only (n=7637): slope 0.253 quartic+end 0.252
