
== tied_3e-5.rds: J 12.668554505, 17684 accepted, 3912 rejected or thrown (18.1% of attempts), 7063344 member evaluations
             accepted rejected share_of_rejected
on a knot        2933     1238             0.316
within a day    10423     1964             0.502
1-10 days        2458       79             0.020
over 10 days     1870      631             0.161
rejected by component, within a day of a knot / over 10 days after one:
     soil storage member thrown
near 2648     277    273      4
far     1     392    238      0
first attempts at a knot rejected, by the change: falls 0.58 (1019), rises 0.42 (285), starts 0.51 (814), stops 0.06 (814) 
a rejected attempt over the size accepted from its start, 10/50/90%: 1.17 1.55 3.81 | rejected first attempts at a knot, days: 0.27 1 1 | accepted from there: 0.137 0.257 0.626 

== tied_3e-5_chain_seed.rds: J 12.668493814, 17916 accepted, 2888 rejected or thrown (13.9% of attempts), 6812730 member evaluations
             accepted rejected share_of_rejected
on a knot        2933      189             0.065
within a day    10650     2003             0.694
1-10 days        2463       84             0.029
over 10 days     1870      612             0.212
rejected by component, within a day of a knot / over 10 days after one:
     soil storage member thrown
near 1617     285    282      8
far     3     380    228      1
first attempts at a knot rejected, by the change: falls 0.05 (1019), rises 0.05 (285), starts 0.04 (814), stops 0.02 (814) 
a rejected attempt over the size accepted from its start, 10/50/90%: 1.17 1.47 2.77 | rejected first attempts at a knot, days: 0.135 0.776 6 | accepted from there: 0.0801 0.278 1.87 
