== long-drought (against bnd)
                                   bnd                   mrw                    s1                    s2                   s12
   rows                         637131      373188 ( -41.4%)      394727 ( -38.0%)      373188 ( -41.4%)      394762 ( -38.0%)
   steps                         12560        7693 ( -38.7%)        8496 ( -32.4%)        7693 ( -38.7%)        8497 ( -32.3%)
   rejected                       3002        1699 ( -43.4%)        1634 ( -45.6%)        1701 ( -43.3%)        1637 ( -45.5%)
   evaluations                   93480       62482 ( -33.2%)       67670 ( -27.6%)       56472 ( -39.6%)       60912 ( -34.8%)
   members                     4734456     2970350 ( -37.3%)     3104091 ( -34.4%)     2693628 ( -43.1%)     2806542 ( -40.7%)
   flagged                           0                  5132                  5946                  5132                  5946
   substeps                          0                192106                192739                192105                192741
   J/J* - 1                 -2.191e-05             2.572e-05             4.934e-07             2.496e-05             1.645e-08
   bound max(2 |bnd|, 0.01 eps) = 2.524e-04
== episodic (against bnd)
                                   bnd                   mrw                    s1                    s2                   s12
   rows                         415759      229673 ( -44.8%)      259178 ( -37.7%)      229703 ( -44.8%)      259119 ( -37.7%)
   steps                          8210        4764 ( -42.0%)        5601 ( -31.8%)        4766 ( -41.9%)        5600 ( -31.8%)
   rejected                       2131        1238 ( -41.9%)        1180 ( -44.6%)        1244 ( -41.6%)        1177 ( -44.8%)
   evaluations                   62154       39786 ( -36.0%)       45161 ( -27.3%)       36168 ( -41.8%)       40770 ( -34.4%)
   members                     3146340     1884945 ( -40.1%)     2075600 ( -34.0%)     1719990 ( -45.3%)     1884576 ( -40.1%)
   flagged                           0                  3056                  3813                  3059                  3812
   substeps                          0                125608                127705                125784                127410
   J/J* - 1                  1.151e-05             7.105e-05             2.647e-05             7.434e-05             2.615e-05
   bound max(2 |bnd|, 0.01 eps) = 2.524e-04
== long drought, S12 over the tolerance ladder: J/J* - 1 and rows
   1e-4   +2.152e-05  rows 312519
   3e-5   +1.645e-08  rows 394762
   1e-5   +2.308e-05  rows 539265
== constant (against bnd)
                                   bnd                   mrw                    s2                   s12                  arkc
   rows                         498368      179002 ( -64.1%)      179002 ( -64.1%)      269360 ( -46.0%)      183883 ( -63.1%)
   steps                          3756        1399 ( -62.8%)        1399 ( -62.8%)        2108 ( -43.9%)        1441 ( -61.6%)
   rejected                        446         158 ( -64.6%)         159 ( -64.3%)         143 ( -67.9%)         146 ( -67.3%)
   evaluations                   25362       11049 ( -56.4%)        9498 ( -62.6%)       13656 ( -46.2%)        9672 ( -61.9%)
   members                     3363825     1408616 ( -58.1%)     1209819 ( -64.0%)     1740429 ( -48.3%)     1228821 ( -63.5%)
   flagged                           0                  1399                  1399                  2108                     0
   substeps                          0                 16824                 17169                 23967                 11031
   J/J* - 1                  2.295e-08             7.041e-08             6.900e-08            -3.183e-07             1.603e-06
   bound max(2 |bnd|, 0.01 eps) = 2.524e-04
JOB DONE report.R
