   day h_days node     share       u1      u2         v0        v1
  2218  0.214    3 1.546e-01 0.080156 0.32829  0.0077884  0.478229
  2328  0.398    7 1.020e-02 0.095489 0.76093 -0.0007837 -0.001437
  5408  1.000   24 6.429e-03 0.226576 0.44630  0.0445581  0.235915
  7063  1.000   24 6.429e-03 0.028828 0.17549  0.0351394  8.567049
  8536  1.000   50 5.490e-05 0.089078 0.16071  0.0072927  0.519796
  8569  1.000   29 1.098e-03 0.105447 0.12165  0.1839606 14.249604
  8667  0.858   37 5.200e-04 0.038776 0.21900  0.0334889  4.647921
  8684  1.000    5 3.105e-02 0.003812 0.17723  0.0228426 33.274218
  8684  1.000    6 1.683e-02 0.026459 0.16379  0.1535177 33.073254
  8684  1.000    7 1.020e-02 0.052840 0.14536  0.2823377 32.870091
  9780  0.240   30 7.773e-04 0.056129 0.30465  0.0278031  3.350093
 10115  0.358   35 1.894e-04 0.020010 0.89271 -0.0301479 -0.104084
 10119  0.867   59 8.665e-06 0.050128 0.08858  0.0043099  1.037134
 12298  1.000   50 5.490e-05 0.019948 0.11502  0.0669275 26.267508
 start_knot_days
          0.0000
          0.3977
          0.0000
          0.0000
          0.0000
          0.0000
          0.0000
          0.0000
          0.0000
          0.0000
          0.0000
          0.3583
          0.0000
          0.0000
knots on record: 2931 ; range of knot spacing (days): 1 190 
steps starting at a knot: NA of 14844 
single cuts in steps starting at a knot: 983 ; pairs in such steps: 12 
