top nodes by share of J (node = p+1):
 node   share   n early cum_share  cum_n cum_wt
    2 0.34400 182   122    0.3437 0.0197 0.5036
    1 0.29200 182   122    0.6362 0.0394 0.8780
    3 0.15500 185   125    0.7908 0.0594 0.9760
    4 0.06630 186   126    0.8571 0.0795 0.9934
    5 0.03100 183   123    0.8881 0.0993 0.9971
    6 0.01680 181   121    0.9049 0.1190 0.9981
   23 0.01550 142    82    0.9205 0.1340 0.9988
   22 0.01050 145    85    0.9310 0.1500 0.9991
    7 0.01020 178   118    0.9412 0.1690 0.9994
    8 0.00646 180   120    0.9477 0.1890 0.9996
   24 0.00643 140    80    0.9541 0.2040 0.9997
   25 0.00453 134    74    0.9586 0.2180 0.9997
    9 0.00422 180   120    0.9629 0.2380 0.9998
   20 0.00390 146    86    0.9668 0.2530 0.9998
   12 0.00317 174   114    0.9699 0.2720 0.9999
   21 0.00306 145    85    0.9730 0.2880 0.9999
   10 0.00269 178   118    0.9757 0.3070 0.9999
   26 0.00264 134    74    0.9783 0.3220 0.9999
   11 0.00243 175   115    0.9807 0.3410 0.9999
   13 0.00213 174   114    0.9829 0.3590 1.0000
   14 0.00169 172   112    0.9846 0.3780 1.0000
   27 0.00147 134    74    0.9860 0.3930 1.0000
   18 0.00133 154    94    0.9874 0.4090 1.0000
   15 0.00132 172   112    0.9887 0.4280 1.0000
   17 0.00131 158    98    0.9900 0.4450 1.0000
treat nodes with share >= 0.01: 9 nodes, 1564 node steps (16.9%), J share 0.94122, proxy kept 0.99944
treat nodes with share >= 0.003: 16 nodes, 2663 node steps (28.8%), J share 0.97299, proxy kept 0.99989
treat nodes with share >= 0.001: 28 nodes, 4528 node steps (49.0%), J share 0.99337, proxy kept 0.99999
treat nodes with share >= 0.0001: 42 nodes, 6203 node steps (67.1%), J share 0.99923, proxy kept 1.00000
treat nodes with share >= 1e-05: 58 nodes, 7667 node steps (82.9%), J share 0.99997, proxy kept 1.00000
treat nodes with share >= 1e-06: 63 nodes, 8014 node steps (86.7%), J share 1.00000, proxy kept 1.00000
crossings before t = 15: 1447 (15.6%), proxy kept 0.0296
crossings before t = 20: 2759 (29.8%), proxy kept 0.1650
crossings before t = 25: 4304 (46.5%), proxy kept 0.3425
crossings before t = 29.3: 5992 (64.8%), proxy kept 0.4641
crossings before t = 32: 6490 (70.2%), proxy kept 0.7471
node steps per split step: quantiles
  10%   25%   50%   75%   90%  100% 
  2.0   4.0   7.0  15.0  30.1 105.0 
